Archive member included to satisfy reference by file (symbol)

c:/program files (x86)/atollic/truestudio for stm32 9.0.1/armtools/bin/../lib/gcc/arm-atollic-eabi/6.3.1/../../../../arm-atollic-eabi/lib/armv7e-m/fpu\libc_nano.a(lib_a-init.o)
                              src\startup_stm32f40xx.o (__libc_init_array)
c:/program files (x86)/atollic/truestudio for stm32 9.0.1/armtools/bin/../lib/gcc/arm-atollic-eabi/6.3.1/../../../../arm-atollic-eabi/lib/armv7e-m/fpu\libc_nano.a(lib_a-rand.o)
                              NRF\esb\application_esb.o (rand)
c:/program files (x86)/atollic/truestudio for stm32 9.0.1/armtools/bin/../lib/gcc/arm-atollic-eabi/6.3.1/../../../../arm-atollic-eabi/lib/armv7e-m/fpu\libc_nano.a(lib_a-strlen.o)
                              src\tiny_printf.o (strlen)
c:/program files (x86)/atollic/truestudio for stm32 9.0.1/armtools/bin/../lib/gcc/arm-atollic-eabi/6.3.1/../../../../arm-atollic-eabi/lib/armv7e-m/fpu\libc_nano.a(lib_a-impure.o)
                              c:/program files (x86)/atollic/truestudio for stm32 9.0.1/armtools/bin/../lib/gcc/arm-atollic-eabi/6.3.1/../../../../arm-atollic-eabi/lib/armv7e-m/fpu\libc_nano.a(lib_a-rand.o) (_impure_ptr)
c:/program files (x86)/atollic/truestudio for stm32 9.0.1/armtools/bin/../lib/gcc/arm-atollic-eabi/6.3.1/../../../../arm-atollic-eabi/lib/armv7e-m/fpu\libc_nano.a(lib_a-malloc.o)
                              c:/program files (x86)/atollic/truestudio for stm32 9.0.1/armtools/bin/../lib/gcc/arm-atollic-eabi/6.3.1/../../../../arm-atollic-eabi/lib/armv7e-m/fpu\libc_nano.a(lib_a-rand.o) (malloc)
c:/program files (x86)/atollic/truestudio for stm32 9.0.1/armtools/bin/../lib/gcc/arm-atollic-eabi/6.3.1/../../../../arm-atollic-eabi/lib/armv7e-m/fpu\libc_nano.a(lib_a-nano-freer.o)
                              c:/program files (x86)/atollic/truestudio for stm32 9.0.1/armtools/bin/../lib/gcc/arm-atollic-eabi/6.3.1/../../../../arm-atollic-eabi/lib/armv7e-m/fpu\libc_nano.a(lib_a-malloc.o) (_free_r)
c:/program files (x86)/atollic/truestudio for stm32 9.0.1/armtools/bin/../lib/gcc/arm-atollic-eabi/6.3.1/../../../../arm-atollic-eabi/lib/armv7e-m/fpu\libc_nano.a(lib_a-nano-mallocr.o)
                              c:/program files (x86)/atollic/truestudio for stm32 9.0.1/armtools/bin/../lib/gcc/arm-atollic-eabi/6.3.1/../../../../arm-atollic-eabi/lib/armv7e-m/fpu\libc_nano.a(lib_a-malloc.o) (_malloc_r)
c:/program files (x86)/atollic/truestudio for stm32 9.0.1/armtools/bin/../lib/gcc/arm-atollic-eabi/6.3.1/../../../../arm-atollic-eabi/lib/armv7e-m/fpu\libc_nano.a(lib_a-sbrkr.o)
                              c:/program files (x86)/atollic/truestudio for stm32 9.0.1/armtools/bin/../lib/gcc/arm-atollic-eabi/6.3.1/../../../../arm-atollic-eabi/lib/armv7e-m/fpu\libc_nano.a(lib_a-nano-mallocr.o) (_sbrk_r)
c:/program files (x86)/atollic/truestudio for stm32 9.0.1/armtools/bin/../lib/gcc/arm-atollic-eabi/6.3.1/../../../../arm-atollic-eabi/lib/armv7e-m/fpu\libc_nano.a(lib_a-mlock.o)
                              c:/program files (x86)/atollic/truestudio for stm32 9.0.1/armtools/bin/../lib/gcc/arm-atollic-eabi/6.3.1/../../../../arm-atollic-eabi/lib/armv7e-m/fpu\libc_nano.a(lib_a-nano-freer.o) (__malloc_lock)
c:/program files (x86)/atollic/truestudio for stm32 9.0.1/armtools/bin/../lib/gcc/arm-atollic-eabi/6.3.1/../../../../arm-atollic-eabi/lib/armv7e-m/fpu\libc_nano.a(lib_a-reent.o)
                              c:/program files (x86)/atollic/truestudio for stm32 9.0.1/armtools/bin/../lib/gcc/arm-atollic-eabi/6.3.1/../../../../arm-atollic-eabi/lib/armv7e-m/fpu\libc_nano.a(lib_a-sbrkr.o) (errno)
c:/program files (x86)/atollic/truestudio for stm32 9.0.1/armtools/bin/../lib/gcc/arm-atollic-eabi/6.3.1/../../../../arm-atollic-eabi/lib/armv7e-m/fpu\libnosys.a(sbrk.o)
                              c:/program files (x86)/atollic/truestudio for stm32 9.0.1/armtools/bin/../lib/gcc/arm-atollic-eabi/6.3.1/../../../../arm-atollic-eabi/lib/armv7e-m/fpu\libc_nano.a(lib_a-sbrkr.o) (_sbrk)
c:/program files (x86)/atollic/truestudio for stm32 9.0.1/armtools/bin/../lib/gcc/arm-atollic-eabi/6.3.1/../../../../arm-atollic-eabi/lib/armv7e-m/fpu\libnosys.a(write.o)
                              src\tiny_printf.o (_write)

Allocating common symbols
Common symbol       size              file

errno               0x4               c:/program files (x86)/atollic/truestudio for stm32 9.0.1/armtools/bin/../lib/gcc/arm-atollic-eabi/6.3.1/../../../../arm-atollic-eabi/lib/armv7e-m/fpu\libc_nano.a(lib_a-reent.o)
UART_RX             0x34              other\uart\uart.o

Discarded input sections

 .text          0x00000000        0x0 c:/program files (x86)/atollic/truestudio for stm32 9.0.1/armtools/bin/../lib/gcc/arm-atollic-eabi/6.3.1/armv7e-m/fpu/crti.o
 .data          0x00000000        0x0 c:/program files (x86)/atollic/truestudio for stm32 9.0.1/armtools/bin/../lib/gcc/arm-atollic-eabi/6.3.1/armv7e-m/fpu/crti.o
[...]
Memory Configuration

Name             Origin             Length             Attributes
FLASH            0x08000000         0x00100000         xr
RAM              0x20000000         0x00020000         xrw
MEMORY_B1        0x60000000         0x00000000         xr
CCMRAM           0x10000000         0x00010000         rw
*default*        0x00000000         0xffffffff

Linker script and memory map

LOAD c:/program files (x86)/atollic/truestudio for stm32 9.0.1/armtools/bin/../lib/gcc/arm-atollic-eabi/6.3.1/armv7e-m/fpu/crti.o
LOAD c:/program files (x86)/atollic/truestudio for stm32 9.0.1/armtools/bin/../lib/gcc/arm-atollic-eabi/6.3.1/armv7e-m/fpu/crtbegin.o
LOAD Libraries\STM32F4xx_StdPeriph_Driver\src\misc.o
LOAD Libraries\STM32F4xx_StdPeriph_Driver\src\stm32f4xx_adc.o
LOAD Libraries\STM32F4xx_StdPeriph_Driver\src\stm32f4xx_can.o
LOAD Libraries\STM32F4xx_StdPeriph_Driver\src\stm32f4xx_crc.o
LOAD Libraries\STM32F4xx_StdPeriph_Driver\src\stm32f4xx_cryp.o
LOAD Libraries\STM32F4xx_StdPeriph_Driver\src\stm32f4xx_cryp_aes.o
LOAD Libraries\STM32F4xx_StdPeriph_Driver\src\stm32f4xx_cryp_des.o
LOAD Libraries\STM32F4xx_StdPeriph_Driver\src\stm32f4xx_cryp_tdes.o
LOAD Libraries\STM32F4xx_StdPeriph_Driver\src\stm32f4xx_dac.o
LOAD Libraries\STM32F4xx_StdPeriph_Driver\src\stm32f4xx_dbgmcu.o
LOAD Libraries\STM32F4xx_StdPeriph_Driver\src\stm32f4xx_dcmi.o
LOAD Libraries\STM32F4xx_StdPeriph_Driver\src\stm32f4xx_dma.o
LOAD Libraries\STM32F4xx_StdPeriph_Driver\src\stm32f4xx_exti.o
LOAD Libraries\STM32F4xx_StdPeriph_Driver\src\stm32f4xx_flash.o
LOAD Libraries\STM32F4xx_StdPeriph_Driver\src\stm32f4xx_fsmc.o
LOAD Libraries\STM32F4xx_StdPeriph_Driver\src\stm32f4xx_gpio.o
LOAD Libraries\STM32F4xx_StdPeriph_Driver\src\stm32f4xx_hash.o
LOAD Libraries\STM32F4xx_StdPeriph_Driver\src\stm32f4xx_hash_md5.o
LOAD Libraries\STM32F4xx_StdPeriph_Driver\src\stm32f4xx_hash_sha1.o
LOAD Libraries\STM32F4xx_StdPeriph_Driver\src\stm32f4xx_i2c.o
LOAD Libraries\STM32F4xx_StdPeriph_Driver\src\stm32f4xx_iwdg.o
LOAD Libraries\STM32F4xx_StdPeriph_Driver\src\stm32f4xx_pwr.o
LOAD Libraries\STM32F4xx_StdPeriph_Driver\src\stm32f4xx_rcc.o
LOAD Libraries\STM32F4xx_StdPeriph_Driver\src\stm32f4xx_rng.o
LOAD Libraries\STM32F4xx_StdPeriph_Driver\src\stm32f4xx_rtc.o
LOAD Libraries\STM32F4xx_StdPeriph_Driver\src\stm32f4xx_sdio.o
LOAD Libraries\STM32F4xx_StdPeriph_Driver\src\stm32f4xx_spi.o
LOAD Libraries\STM32F4xx_StdPeriph_Driver\src\stm32f4xx_syscfg.o
LOAD Libraries\STM32F4xx_StdPeriph_Driver\src\stm32f4xx_tim.o
LOAD Libraries\STM32F4xx_StdPeriph_Driver\src\stm32f4xx_usart.o
LOAD Libraries\STM32F4xx_StdPeriph_Driver\src\stm32f4xx_wwdg.o
LOAD NRF\arch\hal\nrf24l01\hal_nrf_l01.o
LOAD NRF\esb\application_esb.o
LOAD NRF\esb\radio_esb.o
LOAD NRF\l01_bfb\hal_nrf_hw.o
LOAD NRF\pl\application_pl.o
LOAD NRF\pl\radio_pl.o
LOAD NRF\radio.o
LOAD NRF\sb\application_sb.o
LOAD NRF\sb\radio_sb.o
LOAD main\main.o
LOAD other\board\delay.o
LOAD other\gpio\gpio.o
LOAD other\interrupt\interrupt.o
LOAD other\led\led.o
LOAD other\spi\spim.o
LOAD other\stm32f4xx_it.o
LOAD other\systick_timer\systick_timer.o
LOAD other\uart\uart.o
LOAD src\startup_stm32f40xx.o
LOAD src\system_stm32f4xx.o
LOAD src\tiny_printf.o
                0x00000080                malloc_getpagesize_P = 0x80
START GROUP
LOAD c:/program files (x86)/atollic/truestudio for stm32 9.0.1/armtools/bin/../lib/gcc/arm-atollic-eabi/6.3.1/../../../../arm-atollic-eabi/lib/armv7e-m/fpu\libc_nano.a
LOAD c:/program files (x86)/atollic/truestudio for stm32 9.0.1/armtools/bin/../lib/gcc/arm-atollic-eabi/6.3.1/../../../../arm-atollic-eabi/lib/armv7e-m/fpu\libm.a
END GROUP
START GROUP
LOAD c:/program files (x86)/atollic/truestudio for stm32 9.0.1/armtools/bin/../lib/gcc/arm-atollic-eabi/6.3.1/armv7e-m/fpu\libgcc.a
LOAD c:/program files (x86)/atollic/truestudio for stm32 9.0.1/armtools/bin/../lib/gcc/arm-atollic-eabi/6.3.1/../../../../arm-atollic-eabi/lib/armv7e-m/fpu\libc_nano.a
END GROUP
START GROUP
LOAD c:/program files (x86)/atollic/truestudio for stm32 9.0.1/armtools/bin/../lib/gcc/arm-atollic-eabi/6.3.1/armv7e-m/fpu\libgcc.a
LOAD c:/program files (x86)/atollic/truestudio for stm32 9.0.1/armtools/bin/../lib/gcc/arm-atollic-eabi/6.3.1/../../../../arm-atollic-eabi/lib/armv7e-m/fpu\libc_nano.a
LOAD c:/program files (x86)/atollic/truestudio for stm32 9.0.1/armtools/bin/../lib/gcc/arm-atollic-eabi/6.3.1/../../../../arm-atollic-eabi/lib/armv7e-m/fpu\libnosys.a
END GROUP
START GROUP
LOAD c:/program files (x86)/atollic/truestudio for stm32 9.0.1/armtools/bin/../lib/gcc/arm-atollic-eabi/6.3.1/armv7e-m/fpu\libgcc.a
LOAD c:/program files (x86)/atollic/truestudio for stm32 9.0.1/armtools/bin/../lib/gcc/arm-atollic-eabi/6.3.1/../../../../arm-atollic-eabi/lib/armv7e-m/fpu\libc_nano.a
LOAD c:/program files (x86)/atollic/truestudio for stm32 9.0.1/armtools/bin/../lib/gcc/arm-atollic-eabi/6.3.1/../../../../arm-atollic-eabi/lib/armv7e-m/fpu\libnosys.a
END GROUP
LOAD c:/program files (x86)/atollic/truestudio for stm32 9.0.1/armtools/bin/../lib/gcc/arm-atollic-eabi/6.3.1/armv7e-m/fpu/crtend.o
LOAD c:/program files (x86)/atollic/truestudio for stm32 9.0.1/armtools/bin/../lib/gcc/arm-atollic-eabi/6.3.1/armv7e-m/fpu/crtn.o
                0x20020000                _estack = 0x20020000
                0x00000000                _Min_Heap_Size = 0x0
                0x00000400                _Min_Stack_Size = 0x400

.isr_vector     0x08000000      0x188
                0x08000000                . = ALIGN (0x4)
 *(.isr_vector)
 .isr_vector    0x08000000      0x188 src\startup_stm32f40xx.o
                0x08000000                g_pfnVectors
                0x08000188                . = ALIGN (0x4)

.text           0x08000188     0x2a4c
                0x08000188                . = ALIGN (0x4)
 *(.text)
 .text          0x08000188       0x40 c:/program files (x86)/atollic/truestudio for stm32 9.0.1/armtools/bin/../lib/gcc/arm-atollic-eabi/6.3.1/armv7e-m/fpu/crtbegin.o
 *(.text*)
 .text.NVIC_Init
                0x080001c8       0xc4 Libraries\STM32F4xx_StdPeriph_Driver\src\misc.o
                0x080001c8                NVIC_Init
 .text.EXTI_Init
                0x0800028c       0xe4 Libraries\STM32F4xx_StdPeriph_Driver\src\stm32f4xx_exti.o
                0x0800028c                EXTI_Init
 .text.EXTI_GetITStatus
                0x08000370       0x48 Libraries\STM32F4xx_StdPeriph_Driver\src\stm32f4xx_exti.o
                0x08000370                EXTI_GetITStatus
 .text.EXTI_ClearITPendingBit
                0x080003b8       0x20 Libraries\STM32F4xx_StdPeriph_Driver\src\stm32f4xx_exti.o
                0x080003b8                EXTI_ClearITPendingBit
 .text.GPIO_Init
                0x080003d8      0x11c Libraries\STM32F4xx_StdPeriph_Driver\src\stm32f4xx_gpio.o
                0x080003d8                GPIO_Init
 .text.GPIO_WriteBit
                0x080004f4       0x30 Libraries\STM32F4xx_StdPeriph_Driver\src\stm32f4xx_gpio.o
                0x080004f4                GPIO_WriteBit
 .text.GPIO_PinAFConfig
                0x08000524       0x92 Libraries\STM32F4xx_StdPeriph_Driver\src\stm32f4xx_gpio.o
                0x08000524                GPIO_PinAFConfig
 *fill*         0x080005b6        0x2 
 .text.RCC_GetClocksFreq
                0x080005b8      0x150 Libraries\STM32F4xx_StdPeriph_Driver\src\stm32f4xx_rcc.o
                0x080005b8                RCC_GetClocksFreq
 .text.RCC_AHB1PeriphClockCmd
                0x08000708       0x40 Libraries\STM32F4xx_StdPeriph_Driver\src\stm32f4xx_rcc.o
                0x08000708                RCC_AHB1PeriphClockCmd
 .text.RCC_APB1PeriphClockCmd
                0x08000748       0x40 Libraries\STM32F4xx_StdPeriph_Driver\src\stm32f4xx_rcc.o
                0x08000748                RCC_APB1PeriphClockCmd
 .text.RCC_APB2PeriphClockCmd
                0x08000788       0x40 Libraries\STM32F4xx_StdPeriph_Driver\src\stm32f4xx_rcc.o
                0x08000788                RCC_APB2PeriphClockCmd
 .text.SPI_Init
                0x080007c8       0x88 Libraries\STM32F4xx_StdPeriph_Driver\src\stm32f4xx_spi.o
                0x080007c8                SPI_Init
 .text.SPI_Cmd  0x08000850       0x40 Libraries\STM32F4xx_StdPeriph_Driver\src\stm32f4xx_spi.o
                0x08000850                SPI_Cmd
 .text.SPI_NSSInternalSoftwareConfig
                0x08000890       0x44 Libraries\STM32F4xx_StdPeriph_Driver\src\stm32f4xx_spi.o
                0x08000890                SPI_NSSInternalSoftwareConfig
 .text.SPI_I2S_ReceiveData
                0x080008d4       0x1a Libraries\STM32F4xx_StdPeriph_Driver\src\stm32f4xx_spi.o
                0x080008d4                SPI_I2S_ReceiveData
 .text.SPI_I2S_SendData
                0x080008ee       0x1e Libraries\STM32F4xx_StdPeriph_Driver\src\stm32f4xx_spi.o
                0x080008ee                SPI_I2S_SendData
 .text.SPI_I2S_GetFlagStatus
                0x0800090c       0x38 Libraries\STM32F4xx_StdPeriph_Driver\src\stm32f4xx_spi.o
                0x0800090c                SPI_I2S_GetFlagStatus
 .text.SYSCFG_EXTILineConfig
                0x08000944       0x84 Libraries\STM32F4xx_StdPeriph_Driver\src\stm32f4xx_syscfg.o
                0x08000944                SYSCFG_EXTILineConfig
 .text.TIM_GetCapture1
                0x080009c8       0x18 Libraries\STM32F4xx_StdPeriph_Driver\src\stm32f4xx_tim.o
                0x080009c8                TIM_GetCapture1
 .text.TIM_GetCapture2
                0x080009e0       0x18 Libraries\STM32F4xx_StdPeriph_Driver\src\stm32f4xx_tim.o
                0x080009e0                TIM_GetCapture2
 .text.TIM_ClearITPendingBit
                0x080009f8       0x22 Libraries\STM32F4xx_StdPeriph_Driver\src\stm32f4xx_tim.o
                0x080009f8                TIM_ClearITPendingBit
 *fill*         0x08000a1a        0x2 
 .text.USART_Init
                0x08000a1c      0x174 Libraries\STM32F4xx_StdPeriph_Driver\src\stm32f4xx_usart.o
                0x08000a1c                USART_Init
 .text.USART_Cmd
                0x08000b90       0x40 Libraries\STM32F4xx_StdPeriph_Driver\src\stm32f4xx_usart.o
                0x08000b90                USART_Cmd
 .text.USART_OverSampling8Cmd
                0x08000bd0       0x44 Libraries\STM32F4xx_StdPeriph_Driver\src\stm32f4xx_usart.o
                0x08000bd0                USART_OverSampling8Cmd
 .text.USART_SendData
                0x08000c14       0x24 Libraries\STM32F4xx_StdPeriph_Driver\src\stm32f4xx_usart.o
                0x08000c14                USART_SendData
 .text.USART_ReceiveData
                0x08000c38       0x20 Libraries\STM32F4xx_StdPeriph_Driver\src\stm32f4xx_usart.o
                0x08000c38                USART_ReceiveData
 .text.USART_ITConfig
                0x08000c58       0x90 Libraries\STM32F4xx_StdPeriph_Driver\src\stm32f4xx_usart.o
                0x08000c58                USART_ITConfig
 .text.USART_GetFlagStatus
                0x08000ce8       0x38 Libraries\STM32F4xx_StdPeriph_Driver\src\stm32f4xx_usart.o
                0x08000ce8                USART_GetFlagStatus
 .text.USART_GetITStatus
                0x08000d20       0xb6 Libraries\STM32F4xx_StdPeriph_Driver\src\stm32f4xx_usart.o
                0x08000d20                USART_GetITStatus
 .text.hal_nrf_get_clear_irq_flags
                0x08000dd6       0x18 NRF\arch\hal\nrf24l01\hal_nrf_l01.o
                0x08000dd6                hal_nrf_get_clear_irq_flags
 .text.hal_nrf_set_crc_mode
                0x08000dee       0x36 NRF\arch\hal\nrf24l01\hal_nrf_l01.o
                0x08000dee                hal_nrf_set_crc_mode
 .text.hal_nrf_open_pipe
                0x08000e24       0xbc NRF\arch\hal\nrf24l01\hal_nrf_l01.o
                0x08000e24                hal_nrf_open_pipe
 .text.hal_nrf_close_pipe
                0x08000ee0       0x84 NRF\arch\hal\nrf24l01\hal_nrf_l01.o
                0x08000ee0                hal_nrf_close_pipe
 .text.hal_nrf_set_address
                0x08000f64       0x60 NRF\arch\hal\nrf24l01\hal_nrf_l01.o
                0x08000f64                hal_nrf_set_address
 .text.hal_nrf_set_auto_retr
                0x08000fc4       0x40 NRF\arch\hal\nrf24l01\hal_nrf_l01.o
                0x08000fc4                hal_nrf_set_auto_retr
 .text.hal_nrf_set_address_width
                0x08001004       0x20 NRF\arch\hal\nrf24l01\hal_nrf_l01.o
                0x08001004                hal_nrf_set_address_width
 .text.hal_nrf_set_rx_pload_width
                0x08001024       0x28 NRF\arch\hal\nrf24l01\hal_nrf_l01.o
                0x08001024                hal_nrf_set_rx_pload_width
 .text.hal_nrf_get_address_width
                0x0800104c       0x14 NRF\arch\hal\nrf24l01\hal_nrf_l01.o
                0x0800104c                hal_nrf_get_address_width
 .text.hal_nrf_set_operation_mode
                0x08001060       0x46 NRF\arch\hal\nrf24l01\hal_nrf_l01.o
                0x08001060                hal_nrf_set_operation_mode
 .text.hal_nrf_set_power_mode
                0x080010a6       0x46 NRF\arch\hal\nrf24l01\hal_nrf_l01.o
                0x080010a6                hal_nrf_set_power_mode
 .text.hal_nrf_set_rf_channel
                0x080010ec       0x1c NRF\arch\hal\nrf24l01\hal_nrf_l01.o
                0x080010ec                hal_nrf_set_rf_channel
 .text.hal_nrf_set_output_power
                0x08001108       0x36 NRF\arch\hal\nrf24l01\hal_nrf_l01.o
                0x08001108                hal_nrf_set_output_power
 .text.hal_nrf_set_datarate
                0x0800113e       0x72 NRF\arch\hal\nrf24l01\hal_nrf_l01.o
                0x0800113e                hal_nrf_set_datarate
 .text.hal_nrf_rx_fifo_empty
                0x080011b0       0x18 NRF\arch\hal\nrf24l01\hal_nrf_l01.o
                0x080011b0                hal_nrf_rx_fifo_empty
 .text.hal_nrf_write_tx_pload
                0x080011c8       0x20 NRF\arch\hal\nrf24l01\hal_nrf_l01.o
                0x080011c8                hal_nrf_write_tx_pload
 .text.hal_nrf_setup_dyn_pl
                0x080011e8       0x22 NRF\arch\hal\nrf24l01\hal_nrf_l01.o
                0x080011e8                hal_nrf_setup_dyn_pl
 .text.hal_nrf_enable_dynamic_pl
                0x0800120a       0x1e NRF\arch\hal\nrf24l01\hal_nrf_l01.o
                0x0800120a                hal_nrf_enable_dynamic_pl
 .text.hal_nrf_enable_ack_pl
                0x08001228       0x1e NRF\arch\hal\nrf24l01\hal_nrf_l01.o
                0x08001228                hal_nrf_enable_ack_pl
 *fill*         0x08001246        0x2 
 .text.hal_nrf_write_ack_pload
                0x08001248       0x58 NRF\arch\hal\nrf24l01\hal_nrf_l01.o
                0x08001248                hal_nrf_write_ack_pload
 .text.hal_nrf_read_rx_pl_w
                0x080012a0       0x38 NRF\arch\hal\nrf24l01\hal_nrf_l01.o
                0x080012a0                hal_nrf_read_rx_pl_w
 .text.hal_nrf_get_rx_data_source
                0x080012d8       0x18 NRF\arch\hal\nrf24l01\hal_nrf_l01.o
                0x080012d8                hal_nrf_get_rx_data_source
 .text.hal_nrf_read_rx_pload
                0x080012f0       0x1a NRF\arch\hal\nrf24l01\hal_nrf_l01.o
                0x080012f0                hal_nrf_read_rx_pload
 .text.hal_nrf_flush_tx
                0x0800130a       0x10 NRF\arch\hal\nrf24l01\hal_nrf_l01.o
                0x0800130a                hal_nrf_flush_tx
 .text.hal_nrf_nop
                0x0800131a       0x12 NRF\arch\hal\nrf24l01\hal_nrf_l01.o
                0x0800131a                hal_nrf_nop
 .text.hal_nrf_read_reg
                0x0800132c       0x40 NRF\arch\hal\nrf24l01\hal_nrf_l01.o
                0x0800132c                hal_nrf_read_reg
 .text.hal_nrf_write_reg
                0x0800136c       0x90 NRF\arch\hal\nrf24l01\hal_nrf_l01.o
                0x0800136c                hal_nrf_write_reg
 .text.hal_nrf_read_multibyte_reg
                0x080013fc       0xe4 NRF\arch\hal\nrf24l01\hal_nrf_l01.o
                0x080013fc                hal_nrf_read_multibyte_reg
 .text.hal_nrf_write_multibyte_reg
                0x080014e0       0xa0 NRF\arch\hal\nrf24l01\hal_nrf_l01.o
                0x080014e0                hal_nrf_write_multibyte_reg
 .text.device_ptx_mode_esb
                0x08001580       0x68 NRF\esb\application_esb.o
                0x08001580                device_ptx_mode_esb
 .text.device_prx_mode_esb
                0x080015e8       0x98 NRF\esb\application_esb.o
                0x080015e8                device_prx_mode_esb
 .text.radio_esb_init
                0x08001680       0x7c NRF\esb\radio_esb.o
                0x08001680                radio_esb_init
 .text.nrf24_conrtol_pin_init
                0x080016fc       0x3c NRF\l01_bfb\hal_nrf_hw.o
                0x080016fc                nrf24_conrtol_pin_init
 .text.device_ptx_mode_pl
                0x08001738       0xc0 NRF\pl\application_pl.o
                0x08001738                device_ptx_mode_pl
 .text.device_prx_mode_pl
                0x080017f8       0xfc NRF\pl\application_pl.o
                0x080017f8                device_prx_mode_pl
 .text.radio_pl_init
                0x080018f4       0x8a NRF\pl\radio_pl.o
                0x080018f4                radio_pl_init
 *fill*         0x0800197e        0x2 
 .text.radio_send_packet
                0x08001980       0x60 NRF\radio.o
                0x08001980                radio_send_packet
 .text.radio_get_status
                0x080019e0       0x18 NRF\radio.o
                0x080019e0                radio_get_status
 .text.radio_get_pload_byte
                0x080019f8       0x20 NRF\radio.o
                0x080019f8                radio_get_pload_byte
 .text.radio_set_status
                0x08001a18       0x20 NRF\radio.o
                0x08001a18                radio_set_status
 .text.radio_irq
                0x08001a38       0x88 NRF\radio.o
                0x08001a38                radio_irq
 .text.device_ptx_mode_sb
                0x08001ac0       0x40 NRF\sb\application_sb.o
                0x08001ac0                device_ptx_mode_sb
 .text.device_prx_mode_sb
                0x08001b00       0x70 NRF\sb\application_sb.o
                0x08001b00                device_prx_mode_sb
 .text.radio_sb_init
                0x08001b70       0x88 NRF\sb\radio_sb.o
                0x08001b70                radio_sb_init
 .text.main     0x08001bf8       0xd0 main\main.o
                0x08001bf8                main
 .text.delay_us
                0x08001cc8       0x34 other\board\delay.o
                0x08001cc8                delay_us
 .text.delay_ms
                0x08001cfc       0x24 other\board\delay.o
                0x08001cfc                delay_ms
 .text.gpio_SetGPIOmode_Out
                0x08001d20       0x34 other\gpio\gpio.o
                0x08001d20                gpio_SetGPIOmode_Out
 .text.gpio_PortClockStart
                0x08001d54       0xa8 other\gpio\gpio.o
                0x08001d54                gpio_PortClockStart
 .text.Setup_Interrupt_NRF_IRQ_PIN
                0x08001dfc       0x80 other\interrupt\interrupt.o
                0x08001dfc                Setup_Interrupt_NRF_IRQ_PIN
 .text.state_of_interrupt
                0x08001e7c       0x18 other\interrupt\interrupt.o
                0x08001e7c                state_of_interrupt
 .text.reset_state_of_interrupt
                0x08001e94       0x18 other\interrupt\interrupt.o
                0x08001e94                reset_state_of_interrupt
 .text.EXTI9_5_IRQHandler
                0x08001eac       0x28 other\interrupt\interrupt.o
                0x08001eac                EXTI9_5_IRQHandler
 .text.Led_Ini  0x08001ed4       0x24 other\led\led.o
                0x08001ed4                Led_Ini
 .text.spim_init
                0x08001ef8       0xf8 other\spi\spim.o
                0x08001ef8                spim_init
 .text.hal_nrf_rw
                0x08001ff0       0x4c other\spi\spim.o
                0x08001ff0                hal_nrf_rw
 .text.NMI_Handler
                0x0800203c        0xe other\stm32f4xx_it.o
                0x0800203c                NMI_Handler
 .text.MemManage_Handler
                0x0800204a        0x6 other\stm32f4xx_it.o
                0x0800204a                MemManage_Handler
 .text.BusFault_Handler
                0x08002050        0x6 other\stm32f4xx_it.o
                0x08002050                BusFault_Handler
 .text.UsageFault_Handler
                0x08002056        0x6 other\stm32f4xx_it.o
                0x08002056                UsageFault_Handler
 .text.DebugMon_Handler
                0x0800205c        0xe other\stm32f4xx_it.o
                0x0800205c                DebugMon_Handler
 .text.SVC_Handler
                0x0800206a        0xe other\stm32f4xx_it.o
                0x0800206a                SVC_Handler
 .text.TIM4_IRQHandler
                0x08002078       0x84 other\stm32f4xx_it.o
                0x08002078                TIM4_IRQHandler
 .text.EXTI1_IRQHandler
                0x080020fc        0xe other\stm32f4xx_it.o
                0x080020fc                EXTI1_IRQHandler
 *fill*         0x0800210a        0x2 
 .text.NVIC_SetPriority
                0x0800210c       0x54 other\systick_timer\systick_timer.o
 .text.SysTick_Config
                0x08002160       0x44 other\systick_timer\systick_timer.o
 .text.mdelay_timer
                0x080021a4       0x20 other\systick_timer\systick_timer.o
                0x080021a4                mdelay_timer
 .text.get_TimingDelay
                0x080021c4       0x18 other\systick_timer\systick_timer.o
                0x080021c4                get_TimingDelay
 .text.TimingDelay_Decrement
                0x080021dc       0x24 other\systick_timer\systick_timer.o
                0x080021dc                TimingDelay_Decrement
 .text.SysTick_Handler
                0x08002200        0xc other\systick_timer\systick_timer.o
                0x08002200                SysTick_Handler
 .text.SysTick_Ini
                0x0800220c       0x2c other\systick_timer\systick_timer.o
                0x0800220c                SysTick_Ini
 .text.uart_init
                0x08002238      0x2b4 other\uart\uart.o
                0x08002238                uart_init
 .text.uart_send_byte
                0x080024ec       0x5c other\uart\uart.o
                0x080024ec                uart_send_byte
 .text.uart_send_string
                0x08002548       0x92 other\uart\uart.o
                0x08002548                uart_send_string
 *fill*         0x080025da        0x2 
 .text.P_UART_Receive
                0x080025dc       0xf4 other\uart\uart.o
                0x080025dc                P_UART_Receive
 .text.P_UART_RX_INT
                0x080026d0       0x54 other\uart\uart.o
                0x080026d0                P_UART_RX_INT
 .text.USART2_IRQHandler
                0x08002724       0x38 other\uart\uart.o
                0x08002724                USART2_IRQHandler
 .text.USART3_IRQHandler
                0x0800275c       0x38 other\uart\uart.o
                0x0800275c                USART3_IRQHandler
 .text.UART4_IRQHandler
                0x08002794       0x38 other\uart\uart.o
                0x08002794                UART4_IRQHandler
 .text.UART5_IRQHandler
                0x080027cc       0x38 other\uart\uart.o
                0x080027cc                UART5_IRQHandler
 .text.USART6_IRQHandler
                0x08002804       0x38 other\uart\uart.o
                0x08002804                USART6_IRQHandler
 .text.Reset_Handler
                0x0800283c       0x50 src\startup_stm32f40xx.o
                0x0800283c                Reset_Handler
 .text.Default_Handler
                0x0800288c        0x2 src\startup_stm32f40xx.o
                0x0800288c                RTC_Alarm_IRQHandler
                0x0800288c                HASH_RNG_IRQHandler
                0x0800288c                EXTI2_IRQHandler
                0x0800288c                TIM8_CC_IRQHandler
                0x0800288c                TIM1_CC_IRQHandler
                0x0800288c                DMA2_Stream5_IRQHandler
                0x0800288c                HardFault_Handler
                0x0800288c                DMA1_Stream5_IRQHandler
                0x0800288c                PVD_IRQHandler
                0x0800288c                SDIO_IRQHandler
                0x0800288c                TAMP_STAMP_IRQHandler
                0x0800288c                PendSV_Handler
                0x0800288c                CAN2_RX1_IRQHandler
                0x0800288c                EXTI3_IRQHandler
                0x0800288c                TIM8_TRG_COM_TIM14_IRQHandler
                0x0800288c                TIM1_UP_TIM10_IRQHandler
                0x0800288c                TIM8_UP_TIM13_IRQHandler
                0x0800288c                I2C3_ER_IRQHandler
                0x0800288c                EXTI0_IRQHandler
                0x0800288c                I2C2_EV_IRQHandler
                0x0800288c                DMA1_Stream2_IRQHandler
                0x0800288c                CAN1_RX0_IRQHandler
                0x0800288c                FPU_IRQHandler
                0x0800288c                OTG_HS_WKUP_IRQHandler
                0x0800288c                CAN2_SCE_IRQHandler
                0x0800288c                DMA2_Stream2_IRQHandler
                0x0800288c                SPI1_IRQHandler
                0x0800288c                TIM6_DAC_IRQHandler
                0x0800288c                TIM1_BRK_TIM9_IRQHandler
                0x0800288c                DCMI_IRQHandler
                0x0800288c                CAN2_RX0_IRQHandler
                0x0800288c                DMA2_Stream3_IRQHandler
                0x0800288c                CRYP_IRQHandler
                0x0800288c                CAN1_RX1_IRQHandler
                0x0800288c                DMA2_Stream0_IRQHandler
                0x0800288c                I2C1_EV_IRQHandler
                0x0800288c                DMA1_Stream6_IRQHandler
                0x0800288c                DMA1_Stream1_IRQHandler
                0x0800288c                TIM3_IRQHandler
                0x0800288c                RCC_IRQHandler
                0x0800288c                TIM8_BRK_TIM12_IRQHandler
                0x0800288c                Default_Handler
                0x0800288c                EXTI15_10_IRQHandler
                0x0800288c                ADC_IRQHandler
                0x0800288c                DMA1_Stream7_IRQHandler
                0x0800288c                TIM7_IRQHandler
                0x0800288c                CAN2_TX_IRQHandler
                0x0800288c                TIM5_IRQHandler
                0x0800288c                DMA2_Stream7_IRQHandler
                0x0800288c                I2C3_EV_IRQHandler
                0x0800288c                RTC_WKUP_IRQHandler
                0x0800288c                ETH_WKUP_IRQHandler
                0x0800288c                SPI2_IRQHandler
                0x0800288c                OTG_HS_EP1_IN_IRQHandler
                0x0800288c                DMA1_Stream0_IRQHandler
                0x0800288c                CAN1_TX_IRQHandler
                0x0800288c                EXTI4_IRQHandler
                0x0800288c                FSMC_IRQHandler
                0x0800288c                ETH_IRQHandler
                0x0800288c                OTG_HS_EP1_OUT_IRQHandler
                0x0800288c                WWDG_IRQHandler
                0x0800288c                TIM2_IRQHandler
                0x0800288c                OTG_FS_WKUP_IRQHandler
                0x0800288c                TIM1_TRG_COM_TIM11_IRQHandler
                0x0800288c                OTG_HS_IRQHandler
                0x0800288c                I2C2_ER_IRQHandler
                0x0800288c                DMA2_Stream1_IRQHandler
                0x0800288c                CAN1_SCE_IRQHandler
                0x0800288c                FLASH_IRQHandler
                0x0800288c                DMA2_Stream4_IRQHandler
                0x0800288c                USART1_IRQHandler
                0x0800288c                OTG_FS_IRQHandler
                0x0800288c                SPI3_IRQHandler
                0x0800288c                DMA1_Stream4_IRQHandler
                0x0800288c                I2C1_ER_IRQHandler
                0x0800288c                DMA2_Stream6_IRQHandler
                0x0800288c                DMA1_Stream3_IRQHandler
 *fill*         0x0800288e        0x2 
 .text.SystemInit
                0x08002890       0x6c src\system_stm32f4xx.o
                0x08002890                SystemInit
 .text.SetSysClock
                0x080028fc       0xf8 src\system_stm32f4xx.o
 .text.__libc_init_array
                0x080029f4       0x48 c:/program files (x86)/atollic/truestudio for stm32 9.0.1/armtools/bin/../lib/gcc/arm-atollic-eabi/6.3.1/../../../../arm-atollic-eabi/lib/armv7e-m/fpu\libc_nano.a(lib_a-init.o)
                0x080029f4                __libc_init_array
 .text.rand     0x08002a3c       0x74 c:/program files (x86)/atollic/truestudio for stm32 9.0.1/armtools/bin/../lib/gcc/arm-atollic-eabi/6.3.1/../../../../arm-atollic-eabi/lib/armv7e-m/fpu\libc_nano.a(lib_a-rand.o)
                0x08002a3c                rand
 .text.malloc   0x08002ab0       0x10 c:/program files (x86)/atollic/truestudio for stm32 9.0.1/armtools/bin/../lib/gcc/arm-atollic-eabi/6.3.1/../../../../arm-atollic-eabi/lib/armv7e-m/fpu\libc_nano.a(lib_a-malloc.o)
                0x08002ab0                malloc
 .text._malloc_r
                0x08002ac0       0xbc c:/program files (x86)/atollic/truestudio for stm32 9.0.1/armtools/bin/../lib/gcc/arm-atollic-eabi/6.3.1/../../../../arm-atollic-eabi/lib/armv7e-m/fpu\libc_nano.a(lib_a-nano-mallocr.o)
                0x08002ac0                _malloc_r
 .text._sbrk_r  0x08002b7c       0x20 c:/program files (x86)/atollic/truestudio for stm32 9.0.1/armtools/bin/../lib/gcc/arm-atollic-eabi/6.3.1/../../../../arm-atollic-eabi/lib/armv7e-m/fpu\libc_nano.a(lib_a-sbrkr.o)
                0x08002b7c                _sbrk_r
 .text.__malloc_lock
                0x08002b9c        0x2 c:/program files (x86)/atollic/truestudio for stm32 9.0.1/armtools/bin/../lib/gcc/arm-atollic-eabi/6.3.1/../../../../arm-atollic-eabi/lib/armv7e-m/fpu\libc_nano.a(lib_a-mlock.o)
                0x08002b9c                __malloc_lock
 .text.__malloc_unlock
                0x08002b9e        0x2 c:/program files (x86)/atollic/truestudio for stm32 9.0.1/armtools/bin/../lib/gcc/arm-atollic-eabi/6.3.1/../../../../arm-atollic-eabi/lib/armv7e-m/fpu\libc_nano.a(lib_a-mlock.o)
                0x08002b9e                __malloc_unlock
 .text._sbrk    0x08002ba0       0x1c c:/program files (x86)/atollic/truestudio for stm32 9.0.1/armtools/bin/../lib/gcc/arm-atollic-eabi/6.3.1/../../../../arm-atollic-eabi/lib/armv7e-m/fpu\libnosys.a(sbrk.o)
                0x08002ba0                _sbrk
 *(.glue_7)
 .glue_7        0x08002bbc        0x0 linker stubs
 *(.glue_7t)
 .glue_7t       0x08002bbc        0x0 linker stubs
 *(.eh_frame)
 .eh_frame      0x08002bbc        0x0 c:/program files (x86)/atollic/truestudio for stm32 9.0.1/armtools/bin/../lib/gcc/arm-atollic-eabi/6.3.1/armv7e-m/fpu/crtbegin.o
 *(.init)
 .init          0x08002bbc        0x4 c:/program files (x86)/atollic/truestudio for stm32 9.0.1/armtools/bin/../lib/gcc/arm-atollic-eabi/6.3.1/armv7e-m/fpu/crti.o
                0x08002bbc                _init
 .init          0x08002bc0        0x8 c:/program files (x86)/atollic/truestudio for stm32 9.0.1/armtools/bin/../lib/gcc/arm-atollic-eabi/6.3.1/armv7e-m/fpu/crtn.o
 *(.fini)
 .fini          0x08002bc8        0x4 c:/program files (x86)/atollic/truestudio for stm32 9.0.1/armtools/bin/../lib/gcc/arm-atollic-eabi/6.3.1/armv7e-m/fpu/crti.o
                0x08002bc8                _fini
 .fini          0x08002bcc        0x8 c:/program files (x86)/atollic/truestudio for stm32 9.0.1/armtools/bin/../lib/gcc/arm-atollic-eabi/6.3.1/armv7e-m/fpu/crtn.o
                0x08002bd4                . = ALIGN (0x4)
                0x08002bd4                _etext = .

.vfp11_veneer   0x08002bd4        0x0
 .vfp11_veneer  0x08002bd4        0x0 linker stubs

.v4_bx          0x08002bd4        0x0
 .v4_bx         0x08002bd4        0x0 linker stubs

.iplt           0x08002bd4        0x0
 .iplt          0x08002bd4        0x0 c:/program files (x86)/atollic/truestudio for stm32 9.0.1/armtools/bin/../lib/gcc/arm-atollic-eabi/6.3.1/armv7e-m/fpu/crtbegin.o

.rodata         0x08002bd4       0x8c
                0x08002bd4                . = ALIGN (0x4)
 *(.rodata)
 .rodata        0x08002bd4       0x38 NRF\esb\application_esb.o
 .rodata        0x08002c0c       0x38 NRF\pl\application_pl.o
 .rodata        0x08002c44       0x12 main\main.o
 *(.rodata*)
 *fill*         0x08002c56        0x2 
 .rodata.address
                0x08002c58        0x5 main\main.o
                0x08002c58                address
                0x08002c60                . = ALIGN (0x4)
 *fill*         0x08002c5d        0x3 

.rel.dyn        0x08002c60        0x0
 .rel.iplt      0x08002c60        0x0 c:/program files (x86)/atollic/truestudio for stm32 9.0.1/armtools/bin/../lib/gcc/arm-atollic-eabi/6.3.1/armv7e-m/fpu/crtbegin.o

.ARM.extab
 *(.ARM.extab* .gnu.linkonce.armextab.*)

.ARM            0x08002c60        0x0
                0x08002c60                __exidx_start = .
 *(.ARM.exidx*)
                0x08002c60                __exidx_end = .

.preinit_array  0x08002c60        0x0
                0x08002c60                PROVIDE (__preinit_array_start, .)
 *(.preinit_array*)
                0x08002c60                PROVIDE (__preinit_array_end, .)

.init_array     0x08002c60        0x4
                0x08002c60                PROVIDE (__init_array_start, .)
 *(SORT(.init_array.*))
 *(.init_array*)
 .init_array    0x08002c60        0x4 c:/program files (x86)/atollic/truestudio for stm32 9.0.1/armtools/bin/../lib/gcc/arm-atollic-eabi/6.3.1/armv7e-m/fpu/crtbegin.o
                0x08002c64                PROVIDE (__init_array_end, .)

.fini_array     0x08002c64        0x4
                [!provide]                PROVIDE (__fini_array_start, .)
 *(SORT(.fini_array.*))
 *(.fini_array*)
 .fini_array    0x08002c64        0x4 c:/program files (x86)/atollic/truestudio for stm32 9.0.1/armtools/bin/../lib/gcc/arm-atollic-eabi/6.3.1/armv7e-m/fpu/crtbegin.o
                [!provide]                PROVIDE (__fini_array_end, .)
                0x08002c68                _sidata = LOADADDR (.data)

.data           0x20000000       0xb0 load address 0x08002c68
                0x20000000                . = ALIGN (0x4)
                0x20000000                _sdata = .
 *(.data)
 *(.data*)
 .data.APBAHBPrescTable
                0x20000000       0x10 Libraries\STM32F4xx_StdPeriph_Driver\src\stm32f4xx_rcc.o
 .data.UART     0x20000010       0x38 other\uart\uart.o
                0x20000010                UART
 .data.SystemCoreClock
                0x20000048        0x4 src\system_stm32f4xx.o
                0x20000048                SystemCoreClock
 .data._impure_ptr
                0x2000004c        0x4 c:/program files (x86)/atollic/truestudio for stm32 9.0.1/armtools/bin/../lib/gcc/arm-atollic-eabi/6.3.1/../../../../arm-atollic-eabi/lib/armv7e-m/fpu\libc_nano.a(lib_a-impure.o)
                0x2000004c                _impure_ptr
 .data.impure_data
                0x20000050       0x60 c:/program files (x86)/atollic/truestudio for stm32 9.0.1/armtools/bin/../lib/gcc/arm-atollic-eabi/6.3.1/../../../../arm-atollic-eabi/lib/armv7e-m/fpu\libc_nano.a(lib_a-impure.o)
                0x200000b0                . = ALIGN (0x4)
                0x200000b0                _edata = .
                0x08002d18                _siccmram = LOADADDR (.ccmram)

.igot.plt       0x200000b0        0x0 load address 0x08002d18
 .igot.plt      0x200000b0        0x0 c:/program files (x86)/atollic/truestudio for stm32 9.0.1/armtools/bin/../lib/gcc/arm-atollic-eabi/6.3.1/armv7e-m/fpu/crtbegin.o

.ccmram         0x10000000        0x0 load address 0x08002d18
                0x10000000                . = ALIGN (0x4)
                0x10000000                _sccmram = .
 *(.ccmram)
 *(.ccmram*)
                0x10000000                . = ALIGN (0x4)
                0x10000000                _eccmram = .
                0x10000000                . = ALIGN (0x4)

.bss            0x200000b0       0xf4
                0x200000b0                _sbss = .
                0x200000b0                __bss_start__ = _sbss
 *(.bss)
 .bss           0x200000b0       0x1c c:/program files (x86)/atollic/truestudio for stm32 9.0.1/armtools/bin/../lib/gcc/arm-atollic-eabi/6.3.1/armv7e-m/fpu/crtbegin.o
 *(.bss*)
 .bss.pload_esb
                0x200000cc       0x20 NRF\esb\application_esb.o
 .bss.pload_pl  0x200000ec       0x20 NRF\pl\application_pl.o
 .bss.pload     0x2000010c       0x20 NRF\radio.o
 .bss.status    0x2000012c        0x1 NRF\radio.o
 *fill*         0x2000012d        0x3 
 .bss.pload_sb  0x20000130       0x20 NRF\sb\application_sb.o
 .bss.interrupt_state
                0x20000150        0x1 other\interrupt\interrupt.o
 *fill*         0x20000151        0x1 
 .bss.IC2Value  0x20000152        0x2 other\stm32f4xx_it.o
                0x20000152                IC2Value
 .bss.DutyCycle
                0x20000154        0x2 other\stm32f4xx_it.o
                0x20000154                DutyCycle
 *fill*         0x20000156        0x2 
 .bss.Frequency
                0x20000158        0x4 other\stm32f4xx_it.o
                0x20000158                Frequency
 .bss.TimingDelay
                0x2000015c        0x4 other\systick_timer\systick_timer.o
 .bss.__malloc_free_list
                0x20000160        0x4 c:/program files (x86)/atollic/truestudio for stm32 9.0.1/armtools/bin/../lib/gcc/arm-atollic-eabi/6.3.1/../../../../arm-atollic-eabi/lib/armv7e-m/fpu\libc_nano.a(lib_a-nano-mallocr.o)
                0x20000160                __malloc_free_list
 .bss.__malloc_sbrk_start
                0x20000164        0x4 c:/program files (x86)/atollic/truestudio for stm32 9.0.1/armtools/bin/../lib/gcc/arm-atollic-eabi/6.3.1/../../../../arm-atollic-eabi/lib/armv7e-m/fpu\libc_nano.a(lib_a-nano-mallocr.o)
                0x20000164                __malloc_sbrk_start
 .bss.heap_end.5239
                0x20000168        0x4 c:/program files (x86)/atollic/truestudio for stm32 9.0.1/armtools/bin/../lib/gcc/arm-atollic-eabi/6.3.1/../../../../arm-atollic-eabi/lib/armv7e-m/fpu\libnosys.a(sbrk.o)
 *(COMMON)
 COMMON         0x2000016c       0x34 other\uart\uart.o
                0x2000016c                UART_RX
 COMMON         0x200001a0        0x4 c:/program files (x86)/atollic/truestudio for stm32 9.0.1/armtools/bin/../lib/gcc/arm-atollic-eabi/6.3.1/../../../../arm-atollic-eabi/lib/armv7e-m/fpu\libc_nano.a(lib_a-reent.o)
                0x200001a0                errno
                0x200001a4                . = ALIGN (0x4)
                0x200001a4                _ebss = .
                0x200001a4                __bss_end__ = _ebss

._user_heap_stack
                0x200001a4      0x400
                0x200001a4                . = ALIGN (0x4)
                0x200001a4                PROVIDE (end, .)
                [!provide]                PROVIDE (_end, .)
                0x200001a4                . = (. + _Min_Heap_Size)
                0x200005a4                . = (. + _Min_Stack_Size)
 *fill*         0x200001a4      0x400 
                0x200005a4                . = ALIGN (0x4)

.memory_b1_text
 *(.mb1text)
 *(.mb1text*)
 *(.mb1rodata)
 *(.mb1rodata*)

/DISCARD/
 libc.a(*)
 libm.a(*)
 libgcc.a(*)

.ARM.attributes
                0x00000000       0x30
 *(.ARM.attributes)
 .ARM.attributes
                0x00000000       0x22 c:/program files (x86)/atollic/truestudio for stm32 9.0.1/armtools/bin/../lib/gcc/arm-atollic-eabi/6.3.1/armv7e-m/fpu/crti.o
 .ARM.attributes
                0x00000022       0x34 c:/program files (x86)/atollic/truestudio for stm32 9.0.1/armtools/bin/../lib/gcc/arm-atollic-eabi/6.3.1/armv7e-m/fpu/crtbegin.o
 .ARM.attributes
                0x00000056       0x39 Libraries\STM32F4xx_StdPeriph_Driver\src\misc.o
 .ARM.attributes
                0x0000008f       0x39 Libraries\STM32F4xx_StdPeriph_Driver\src\stm32f4xx_exti.o
 .ARM.attributes
                0x000000c8       0x39 Libraries\STM32F4xx_StdPeriph_Driver\src\stm32f4xx_gpio.o
 .ARM.attributes
                0x00000101       0x39 Libraries\STM32F4xx_StdPeriph_Driver\src\stm32f4xx_rcc.o
 .ARM.attributes
                0x0000013a       0x39 Libraries\STM32F4xx_StdPeriph_Driver\src\stm32f4xx_spi.o
 .ARM.attributes
                0x00000173       0x39 Libraries\STM32F4xx_StdPeriph_Driver\src\stm32f4xx_syscfg.o
 .ARM.attributes
                0x000001ac       0x39 Libraries\STM32F4xx_StdPeriph_Driver\src\stm32f4xx_tim.o
 .ARM.attributes
                0x000001e5       0x39 Libraries\STM32F4xx_StdPeriph_Driver\src\stm32f4xx_usart.o
 .ARM.attributes
                0x0000021e       0x39 NRF\arch\hal\nrf24l01\hal_nrf_l01.o
 .ARM.attributes
                0x00000257       0x39 NRF\esb\application_esb.o
 .ARM.attributes
                0x00000290       0x39 NRF\esb\radio_esb.o
 .ARM.attributes
                0x000002c9       0x39 NRF\l01_bfb\hal_nrf_hw.o
 .ARM.attributes
                0x00000302       0x39 NRF\pl\application_pl.o
 .ARM.attributes
                0x0000033b       0x39 NRF\pl\radio_pl.o
 .ARM.attributes
                0x00000374       0x39 NRF\radio.o
 .ARM.attributes
                0x000003ad       0x39 NRF\sb\application_sb.o
 .ARM.attributes
                0x000003e6       0x39 NRF\sb\radio_sb.o
 .ARM.attributes
                0x0000041f       0x39 main\main.o
 .ARM.attributes
                0x00000458       0x39 other\board\delay.o
 .ARM.attributes
                0x00000491       0x39 other\gpio\gpio.o
 .ARM.attributes
                0x000004ca       0x39 other\interrupt\interrupt.o
 .ARM.attributes
                0x00000503       0x39 other\led\led.o
 .ARM.attributes
                0x0000053c       0x39 other\spi\spim.o
 .ARM.attributes
                0x00000575       0x39 other\stm32f4xx_it.o
 .ARM.attributes
                0x000005ae       0x39 other\systick_timer\systick_timer.o
 .ARM.attributes
                0x000005e7       0x39 other\uart\uart.o
 .ARM.attributes
                0x00000620       0x21 src\startup_stm32f40xx.o
 .ARM.attributes
                0x00000641       0x39 src\system_stm32f4xx.o
 .ARM.attributes
                0x0000067a       0x34 c:/program files (x86)/atollic/truestudio for stm32 9.0.1/armtools/bin/../lib/gcc/arm-atollic-eabi/6.3.1/../../../../arm-atollic-eabi/lib/armv7e-m/fpu\libc_nano.a(lib_a-init.o)
 .ARM.attributes
                0x000006ae       0x34 c:/program files (x86)/atollic/truestudio for stm32 9.0.1/armtools/bin/../lib/gcc/arm-atollic-eabi/6.3.1/../../../../arm-atollic-eabi/lib/armv7e-m/fpu\libc_nano.a(lib_a-rand.o)
 .ARM.attributes
                0x000006e2       0x34 c:/program files (x86)/atollic/truestudio for stm32 9.0.1/armtools/bin/../lib/gcc/arm-atollic-eabi/6.3.1/../../../../arm-atollic-eabi/lib/armv7e-m/fpu\libc_nano.a(lib_a-impure.o)
 .ARM.attributes
                0x00000716       0x34 c:/program files (x86)/atollic/truestudio for stm32 9.0.1/armtools/bin/../lib/gcc/arm-atollic-eabi/6.3.1/../../../../arm-atollic-eabi/lib/armv7e-m/fpu\libc_nano.a(lib_a-malloc.o)
 .ARM.attributes
                0x0000074a       0x34 c:/program files (x86)/atollic/truestudio for stm32 9.0.1/armtools/bin/../lib/gcc/arm-atollic-eabi/6.3.1/../../../../arm-atollic-eabi/lib/armv7e-m/fpu\libc_nano.a(lib_a-nano-mallocr.o)
 .ARM.attributes
                0x0000077e       0x34 c:/program files (x86)/atollic/truestudio for stm32 9.0.1/armtools/bin/../lib/gcc/arm-atollic-eabi/6.3.1/../../../../arm-atollic-eabi/lib/armv7e-m/fpu\libc_nano.a(lib_a-sbrkr.o)
 .ARM.attributes
                0x000007b2       0x34 c:/program files (x86)/atollic/truestudio for stm32 9.0.1/armtools/bin/../lib/gcc/arm-atollic-eabi/6.3.1/../../../../arm-atollic-eabi/lib/armv7e-m/fpu\libc_nano.a(lib_a-mlock.o)
 .ARM.attributes
                0x000007e6       0x34 c:/program files (x86)/atollic/truestudio for stm32 9.0.1/armtools/bin/../lib/gcc/arm-atollic-eabi/6.3.1/../../../../arm-atollic-eabi/lib/armv7e-m/fpu\libc_nano.a(lib_a-reent.o)
 .ARM.attributes
                0x0000081a       0x34 c:/program files (x86)/atollic/truestudio for stm32 9.0.1/armtools/bin/../lib/gcc/arm-atollic-eabi/6.3.1/../../../../arm-atollic-eabi/lib/armv7e-m/fpu\libnosys.a(sbrk.o)
 .ARM.attributes
                0x0000084e       0x22 c:/program files (x86)/atollic/truestudio for stm32 9.0.1/armtools/bin/../lib/gcc/arm-atollic-eabi/6.3.1/armv7e-m/fpu/crtn.o
OUTPUT(STM32F4_NRF24L01P.elf elf32-littlearm)

.debug_info     0x00000000     0xb744
 .debug_info    0x00000000      0x54d Libraries\STM32F4xx_StdPeriph_Driver\src\misc.o
 .debug_info    0x0000054d      0x366 Libraries\STM32F4xx_StdPeriph_Driver\src\stm32f4xx_exti.o
 .debug_info    0x000008b3      0x628 Libraries\STM32F4xx_StdPeriph_Driver\src\stm32f4xx_gpio.o
 .debug_info    0x00000edb      0xc98 Libraries\STM32F4xx_StdPeriph_Driver\src\stm32f4xx_rcc.o
 .debug_info    0x00001b73      0xb1a Libraries\STM32F4xx_StdPeriph_Driver\src\stm32f4xx_spi.o
 .debug_info    0x0000268d      0x283 Libraries\STM32F4xx_StdPeriph_Driver\src\stm32f4xx_syscfg.o
 .debug_info    0x00002910     0x1c74 Libraries\STM32F4xx_StdPeriph_Driver\src\stm32f4xx_tim.o
 .debug_info    0x00004584      0x9d5 Libraries\STM32F4xx_StdPeriph_Driver\src\stm32f4xx_usart.o
 .debug_info    0x00004f59      0xcf4 NRF\arch\hal\nrf24l01\hal_nrf_l01.o
 .debug_info    0x00005c4d      0xa8b NRF\esb\application_esb.o
 .debug_info    0x000066d8      0x1f7 NRF\esb\radio_esb.o
 .debug_info    0x000068cf      0x1b2 NRF\l01_bfb\hal_nrf_hw.o
 .debug_info    0x00006a81      0xa8b NRF\pl\application_pl.o
 .debug_info    0x0000750c      0x1f7 NRF\pl\radio_pl.o
 .debug_info    0x00007703      0x314 NRF\radio.o
 .debug_info    0x00007a17      0xa4f NRF\sb\application_sb.o
 .debug_info    0x00008466      0x23b NRF\sb\radio_sb.o
 .debug_info    0x000086a1      0x308 main\main.o
 .debug_info    0x000089a9       0x7d other\board\delay.o
 .debug_info    0x00008a26      0x306 other\gpio\gpio.o
 .debug_info    0x00008d2c      0x668 other\interrupt\interrupt.o
 .debug_info    0x00009394      0x1b2 other\led\led.o
 .debug_info    0x00009546      0x4ca other\spi\spim.o
 .debug_info    0x00009a10      0x3d5 other\stm32f4xx_it.o
 .debug_info    0x00009de5      0x719 other\systick_timer\systick_timer.o
 .debug_info    0x0000a4fe      0xbef other\uart\uart.o
 .debug_info    0x0000b0ed       0x7a src\startup_stm32f40xx.o
 .debug_info    0x0000b167      0x5dd src\system_stm32f4xx.o

.debug_abbrev   0x00000000     0x254b
 .debug_abbrev  0x00000000      0x172 Libraries\STM32F4xx_StdPeriph_Driver\src\misc.o
 .debug_abbrev  0x00000172      0x1bc Libraries\STM32F4xx_StdPeriph_Driver\src\stm32f4xx_exti.o
 .debug_abbrev  0x0000032e      0x1b8 Libraries\STM32F4xx_StdPeriph_Driver\src\stm32f4xx_gpio.o
 .debug_abbrev  0x000004e6      0x1f8 Libraries\STM32F4xx_StdPeriph_Driver\src\stm32f4xx_rcc.o
 .debug_abbrev  0x000006de      0x17a Libraries\STM32F4xx_StdPeriph_Driver\src\stm32f4xx_spi.o
 .debug_abbrev  0x00000858      0x146 Libraries\STM32F4xx_StdPeriph_Driver\src\stm32f4xx_syscfg.o
 .debug_abbrev  0x0000099e      0x19a Libraries\STM32F4xx_StdPeriph_Driver\src\stm32f4xx_tim.o
 .debug_abbrev  0x00000b38      0x182 Libraries\STM32F4xx_StdPeriph_Driver\src\stm32f4xx_usart.o
 .debug_abbrev  0x00000cba      0x20f NRF\arch\hal\nrf24l01\hal_nrf_l01.o
 .debug_abbrev  0x00000ec9      0x1b5 NRF\esb\application_esb.o
 .debug_abbrev  0x0000107e       0xb1 NRF\esb\radio_esb.o
 .debug_abbrev  0x0000112f       0xda NRF\l01_bfb\hal_nrf_hw.o
 .debug_abbrev  0x00001209      0x1b5 NRF\pl\application_pl.o
 .debug_abbrev  0x000013be       0xb1 NRF\pl\radio_pl.o
 .debug_abbrev  0x0000146f      0x174 NRF\radio.o
 .debug_abbrev  0x000015e3      0x1ac NRF\sb\application_sb.o
 .debug_abbrev  0x0000178f       0xb1 NRF\sb\radio_sb.o
 .debug_abbrev  0x00001840      0x10c main\main.o
 .debug_abbrev  0x0000194c       0x6f other\board\delay.o
 .debug_abbrev  0x000019bb      0x146 other\gpio\gpio.o
 .debug_abbrev  0x00001b01      0x181 other\interrupt\interrupt.o
 .debug_abbrev  0x00001c82       0xda other\led\led.o
 .debug_abbrev  0x00001d5c      0x153 other\spi\spim.o
 .debug_abbrev  0x00001eaf      0x11e other\stm32f4xx_it.o
 .debug_abbrev  0x00001fcd      0x1da other\systick_timer\systick_timer.o
 .debug_abbrev  0x000021a7      0x23a other\uart\uart.o
 .debug_abbrev  0x000023e1       0x12 src\startup_stm32f40xx.o
 .debug_abbrev  0x000023f3      0x158 src\system_stm32f4xx.o

.debug_aranges  0x00000000      0xd90
 .debug_aranges
                0x00000000       0x40 Libraries\STM32F4xx_StdPeriph_Driver\src\misc.o
 .debug_aranges
                0x00000040       0x58 Libraries\STM32F4xx_StdPeriph_Driver\src\stm32f4xx_exti.o
 .debug_aranges
                0x00000098       0x88 Libraries\STM32F4xx_StdPeriph_Driver\src\stm32f4xx_gpio.o
 .debug_aranges
                0x00000120      0x180 Libraries\STM32F4xx_StdPeriph_Driver\src\stm32f4xx_rcc.o
 .debug_aranges
                0x000002a0       0xe0 Libraries\STM32F4xx_StdPeriph_Driver\src\stm32f4xx_spi.o
 .debug_aranges
                0x00000380       0x48 Libraries\STM32F4xx_StdPeriph_Driver\src\stm32f4xx_syscfg.o
 .debug_aranges
                0x000003c8      0x2f8 Libraries\STM32F4xx_StdPeriph_Driver\src\stm32f4xx_tim.o
 .debug_aranges
                0x000006c0      0x100 Libraries\STM32F4xx_StdPeriph_Driver\src\stm32f4xx_usart.o
 .debug_aranges
                0x000007c0      0x218 NRF\arch\hal\nrf24l01\hal_nrf_l01.o
 .debug_aranges
                0x000009d8       0x28 NRF\esb\application_esb.o
 .debug_aranges
                0x00000a00       0x20 NRF\esb\radio_esb.o
 .debug_aranges
                0x00000a20       0x20 NRF\l01_bfb\hal_nrf_hw.o
 .debug_aranges
                0x00000a40       0x28 NRF\pl\application_pl.o
 .debug_aranges
                0x00000a68       0x20 NRF\pl\radio_pl.o
 .debug_aranges
                0x00000a88       0x40 NRF\radio.o
 .debug_aranges
                0x00000ac8       0x28 NRF\sb\application_sb.o
 .debug_aranges
                0x00000af0       0x20 NRF\sb\radio_sb.o
 .debug_aranges
                0x00000b10       0x20 main\main.o
 .debug_aranges
                0x00000b30       0x28 other\board\delay.o
 .debug_aranges
                0x00000b58       0x28 other\gpio\gpio.o
 .debug_aranges
                0x00000b80       0x38 other\interrupt\interrupt.o
 .debug_aranges
                0x00000bb8       0x20 other\led\led.o
 .debug_aranges
                0x00000bd8       0x28 other\spi\spim.o
 .debug_aranges
                0x00000c00       0x58 other\stm32f4xx_it.o
 .debug_aranges
                0x00000c58       0x50 other\systick_timer\systick_timer.o
 .debug_aranges
                0x00000ca8       0x90 other\uart\uart.o
 .debug_aranges
                0x00000d38       0x28 src\startup_stm32f40xx.o
 .debug_aranges
                0x00000d60       0x30 src\system_stm32f4xx.o

.debug_ranges   0x00000000      0xbd8
 .debug_ranges  0x00000000       0x30 Libraries\STM32F4xx_StdPeriph_Driver\src\misc.o
 .debug_ranges  0x00000030       0x48 Libraries\STM32F4xx_StdPeriph_Driver\src\stm32f4xx_exti.o
 .debug_ranges  0x00000078       0x78 Libraries\STM32F4xx_StdPeriph_Driver\src\stm32f4xx_gpio.o
 .debug_ranges  0x000000f0      0x170 Libraries\STM32F4xx_StdPeriph_Driver\src\stm32f4xx_rcc.o
 .debug_ranges  0x00000260       0xd0 Libraries\STM32F4xx_StdPeriph_Driver\src\stm32f4xx_spi.o
 .debug_ranges  0x00000330       0x38 Libraries\STM32F4xx_StdPeriph_Driver\src\stm32f4xx_syscfg.o
 .debug_ranges  0x00000368      0x2e8 Libraries\STM32F4xx_StdPeriph_Driver\src\stm32f4xx_tim.o
 .debug_ranges  0x00000650       0xf0 Libraries\STM32F4xx_StdPeriph_Driver\src\stm32f4xx_usart.o
 .debug_ranges  0x00000740      0x208 NRF\arch\hal\nrf24l01\hal_nrf_l01.o
 .debug_ranges  0x00000948       0x18 NRF\esb\application_esb.o
 .debug_ranges  0x00000960       0x10 NRF\esb\radio_esb.o
 .debug_ranges  0x00000970       0x10 NRF\l01_bfb\hal_nrf_hw.o
 .debug_ranges  0x00000980       0x18 NRF\pl\application_pl.o
 .debug_ranges  0x00000998       0x10 NRF\pl\radio_pl.o
 .debug_ranges  0x000009a8       0x30 NRF\radio.o
 .debug_ranges  0x000009d8       0x18 NRF\sb\application_sb.o
 .debug_ranges  0x000009f0       0x10 NRF\sb\radio_sb.o
 .debug_ranges  0x00000a00       0x10 main\main.o
 .debug_ranges  0x00000a10       0x18 other\board\delay.o
 .debug_ranges  0x00000a28       0x18 other\gpio\gpio.o
 .debug_ranges  0x00000a40       0x28 other\interrupt\interrupt.o
 .debug_ranges  0x00000a68       0x10 other\led\led.o
 .debug_ranges  0x00000a78       0x18 other\spi\spim.o
 .debug_ranges  0x00000a90       0x48 other\stm32f4xx_it.o
 .debug_ranges  0x00000ad8       0x40 other\systick_timer\systick_timer.o
 .debug_ranges  0x00000b18       0x80 other\uart\uart.o
 .debug_ranges  0x00000b98       0x20 src\startup_stm32f40xx.o
 .debug_ranges  0x00000bb8       0x20 src\system_stm32f4xx.o

.debug_line     0x00000000     0x5975
 .debug_line    0x00000000      0x253 Libraries\STM32F4xx_StdPeriph_Driver\src\misc.o
 .debug_line    0x00000253      0x2b6 Libraries\STM32F4xx_StdPeriph_Driver\src\stm32f4xx_exti.o
 .debug_line    0x00000509      0x375 Libraries\STM32F4xx_StdPeriph_Driver\src\stm32f4xx_gpio.o
 .debug_line    0x0000087e      0x5cd Libraries\STM32F4xx_StdPeriph_Driver\src\stm32f4xx_rcc.o
 .debug_line    0x00000e4b      0x485 Libraries\STM32F4xx_StdPeriph_Driver\src\stm32f4xx_spi.o
 .debug_line    0x000012d0      0x22e Libraries\STM32F4xx_StdPeriph_Driver\src\stm32f4xx_syscfg.o
 .debug_line    0x000014fe      0xad6 Libraries\STM32F4xx_StdPeriph_Driver\src\stm32f4xx_tim.o
 .debug_line    0x00001fd4      0x4df Libraries\STM32F4xx_StdPeriph_Driver\src\stm32f4xx_usart.o
 .debug_line    0x000024b3      0x755 NRF\arch\hal\nrf24l01\hal_nrf_l01.o
 .debug_line    0x00002c08      0x3b2 NRF\esb\application_esb.o
 .debug_line    0x00002fba      0x23b NRF\esb\radio_esb.o
 .debug_line    0x000031f5      0x1eb NRF\l01_bfb\hal_nrf_hw.o
 .debug_line    0x000033e0      0x3c6 NRF\pl\application_pl.o
 .debug_line    0x000037a6      0x23e NRF\pl\radio_pl.o
 .debug_line    0x000039e4      0x2c0 NRF\radio.o
 .debug_line    0x00003ca4      0x362 NRF\sb\application_sb.o
 .debug_line    0x00004006      0x23b NRF\sb\radio_sb.o
 .debug_line    0x00004241      0x262 main\main.o
 .debug_line    0x000044a3       0x62 other\board\delay.o
 .debug_line    0x00004505      0x216 other\gpio\gpio.o
 .debug_line    0x0000471b      0x24f other\interrupt\interrupt.o
 .debug_line    0x0000496a      0x1df other\led\led.o
 .debug_line    0x00004b49      0x266 other\spi\spim.o
 .debug_line    0x00004daf      0x26d other\stm32f4xx_it.o
 .debug_line    0x0000501c      0x238 other\systick_timer\systick_timer.o
 .debug_line    0x00005254      0x490 other\uart\uart.o
 .debug_line    0x000056e4       0x7a src\startup_stm32f40xx.o
 .debug_line    0x0000575e      0x217 src\system_stm32f4xx.o

.debug_str      0x00000000     0x3e5f
 .debug_str     0x00000000      0x404 Libraries\STM32F4xx_StdPeriph_Driver\src\misc.o
                                0x456 (size before relaxing)
 .debug_str     0x00000404      0x1d7 Libraries\STM32F4xx_StdPeriph_Driver\src\stm32f4xx_exti.o
                                0x3e1 (size before relaxing)
 .debug_str     0x000005db      0x320 Libraries\STM32F4xx_StdPeriph_Driver\src\stm32f4xx_gpio.o
                                0x52b (size before relaxing)
 .debug_str     0x000008fb      0x66c Libraries\STM32F4xx_StdPeriph_Driver\src\stm32f4xx_rcc.o
                                0x901 (size before relaxing)
 .debug_str     0x00000f67      0x3a2 Libraries\STM32F4xx_StdPeriph_Driver\src\stm32f4xx_spi.o
                                0x712 (size before relaxing)
 .debug_str     0x00001309      0x156 Libraries\STM32F4xx_StdPeriph_Driver\src\stm32f4xx_syscfg.o
                                0x37c (size before relaxing)
 .debug_str     0x0000145f      0xb68 Libraries\STM32F4xx_StdPeriph_Driver\src\stm32f4xx_tim.o
                                0xe58 (size before relaxing)
 .debug_str     0x00001fc7      0x423 Libraries\STM32F4xx_StdPeriph_Driver\src\stm32f4xx_usart.o
                                0x717 (size before relaxing)
 .debug_str     0x000023ea      0x94b NRF\arch\hal\nrf24l01\hal_nrf_l01.o
                                0xc97 (size before relaxing)
 .debug_str     0x00002d35      0x46f NRF\esb\application_esb.o
                                0x711 (size before relaxing)
 .debug_str     0x000031a4       0x37 NRF\esb\radio_esb.o
                                0x37c (size before relaxing)
 .debug_str     0x000031db       0x33 NRF\l01_bfb\hal_nrf_hw.o
                                0x263 (size before relaxing)
 .debug_str     0x0000320e       0x4a NRF\pl\application_pl.o
                                0x70c (size before relaxing)
 .debug_str     0x00003258       0x23 NRF\pl\radio_pl.o
                                0x379 (size before relaxing)
 .debug_str     0x0000327b       0x8c NRF\radio.o
                                0x34f (size before relaxing)
 .debug_str     0x00003307       0x4a NRF\sb\application_sb.o
                                0x6f8 (size before relaxing)
 .debug_str     0x00003351       0x23 NRF\sb\radio_sb.o
                                0x3db (size before relaxing)
 .debug_str     0x00003374       0xae main\main.o
                                0x3a4 (size before relaxing)
 .debug_str     0x00003422       0x29 other\board\delay.o
                                0x13c (size before relaxing)
 .debug_str     0x0000344b       0x43 other\gpio\gpio.o
                                0x3cd (size before relaxing)
 .debug_str     0x0000348e      0x5ad other\interrupt\interrupt.o
                                0xaa4 (size before relaxing)
 .debug_str     0x00003a3b       0x1b other\led\led.o
                                0x24b (size before relaxing)
 .debug_str     0x00003a56       0x31 other\spi\spim.o
                                0x4f1 (size before relaxing)
 .debug_str     0x00003a87       0xab other\stm32f4xx_it.o
                                0x3d7 (size before relaxing)
 .debug_str     0x00003b32       0xbe other\systick_timer\systick_timer.o
                                0x892 (size before relaxing)
 .debug_str     0x00003bf0      0x1e0 other\uart\uart.o
                                0xc1b (size before relaxing)
 .debug_str     0x00003dd0       0x8f src\system_stm32f4xx.o
                                0x40a (size before relaxing)

.comment        0x00000000       0x7c
 .comment       0x00000000       0x7c Libraries\STM32F4xx_StdPeriph_Driver\src\misc.o
                                 0x7d (size before relaxing)
 .comment       0x0000007c       0x7d Libraries\STM32F4xx_StdPeriph_Driver\src\stm32f4xx_exti.o
 .comment       0x0000007c       0x7d Libraries\STM32F4xx_StdPeriph_Driver\src\stm32f4xx_gpio.o
 .comment       0x0000007c       0x7d Libraries\STM32F4xx_StdPeriph_Driver\src\stm32f4xx_rcc.o
 .comment       0x0000007c       0x7d Libraries\STM32F4xx_StdPeriph_Driver\src\stm32f4xx_spi.o
 .comment       0x0000007c       0x7d Libraries\STM32F4xx_StdPeriph_Driver\src\stm32f4xx_syscfg.o
 .comment       0x0000007c       0x7d Libraries\STM32F4xx_StdPeriph_Driver\src\stm32f4xx_tim.o
 .comment       0x0000007c       0x7d Libraries\STM32F4xx_StdPeriph_Driver\src\stm32f4xx_usart.o
 .comment       0x0000007c       0x7d NRF\arch\hal\nrf24l01\hal_nrf_l01.o
 .comment       0x0000007c       0x7d NRF\esb\application_esb.o
 .comment       0x0000007c       0x7d NRF\esb\radio_esb.o
 .comment       0x0000007c       0x7d NRF\l01_bfb\hal_nrf_hw.o
 .comment       0x0000007c       0x7d NRF\pl\application_pl.o
 .comment       0x0000007c       0x7d NRF\pl\radio_pl.o
 .comment       0x0000007c       0x7d NRF\radio.o
 .comment       0x0000007c       0x7d NRF\sb\application_sb.o
 .comment       0x0000007c       0x7d NRF\sb\radio_sb.o
 .comment       0x0000007c       0x7d main\main.o
 .comment       0x0000007c       0x7d other\board\delay.o
 .comment       0x0000007c       0x7d other\gpio\gpio.o
 .comment       0x0000007c       0x7d other\interrupt\interrupt.o
 .comment       0x0000007c       0x7d other\led\led.o
 .comment       0x0000007c       0x7d other\spi\spim.o
 .comment       0x0000007c       0x7d other\stm32f4xx_it.o
 .comment       0x0000007c       0x7d other\systick_timer\systick_timer.o
 .comment       0x0000007c       0x7d other\uart\uart.o
 .comment       0x0000007c       0x7d src\system_stm32f4xx.o

.debug_frame    0x00000000     0x35c8
 .debug_frame   0x00000000       0xd8 Libraries\STM32F4xx_StdPeriph_Driver\src\misc.o
 .debug_frame   0x000000d8      0x148 Libraries\STM32F4xx_StdPeriph_Driver\src\stm32f4xx_exti.o
 .debug_frame   0x00000220      0x23c Libraries\STM32F4xx_StdPeriph_Driver\src\stm32f4xx_gpio.o
 .debug_frame   0x0000045c      0x6fc Libraries\STM32F4xx_StdPeriph_Driver\src\stm32f4xx_rcc.o
 .debug_frame   0x00000b58      0x3f4 Libraries\STM32F4xx_StdPeriph_Driver\src\stm32f4xx_spi.o
 .debug_frame   0x00000f4c       0xf4 Libraries\STM32F4xx_StdPeriph_Driver\src\stm32f4xx_syscfg.o
 .debug_frame   0x00001040      0xe54 Libraries\STM32F4xx_StdPeriph_Driver\src\stm32f4xx_tim.o
 .debug_frame   0x00001e94      0x490 Libraries\STM32F4xx_StdPeriph_Driver\src\stm32f4xx_usart.o
 .debug_frame   0x00002324      0x7fc NRF\arch\hal\nrf24l01\hal_nrf_l01.o
 .debug_frame   0x00002b20       0x48 NRF\esb\application_esb.o
 .debug_frame   0x00002b68       0x34 NRF\esb\radio_esb.o
 .debug_frame   0x00002b9c       0x2c NRF\l01_bfb\hal_nrf_hw.o
 .debug_frame   0x00002bc8       0x48 NRF\pl\application_pl.o
 .debug_frame   0x00002c10       0x34 NRF\pl\radio_pl.o
 .debug_frame   0x00002c44       0xc0 NRF\radio.o
 .debug_frame   0x00002d04       0x48 NRF\sb\application_sb.o
 .debug_frame   0x00002d4c       0x34 NRF\sb\radio_sb.o
 .debug_frame   0x00002d80       0x30 main\main.o
 .debug_frame   0x00002db0       0x5c other\board\delay.o
 .debug_frame   0x00002e0c       0x58 other\gpio\gpio.o
 .debug_frame   0x00002e64       0x90 other\interrupt\interrupt.o
 .debug_frame   0x00002ef4       0x2c other\led\led.o
 .debug_frame   0x00002f20       0x58 other\spi\spim.o
 .debug_frame   0x00002f78       0xf8 other\stm32f4xx_it.o
 .debug_frame   0x00003070       0xfc other\systick_timer\systick_timer.o
 .debug_frame   0x0000316c      0x23c other\uart\uart.o
 .debug_frame   0x000033a8       0x7c src\system_stm32f4xx.o
 .debug_frame   0x00003424       0x2c c:/program files (x86)/atollic/truestudio for stm32 9.0.1/armtools/bin/../lib/gcc/arm-atollic-eabi/6.3.1/../../../../arm-atollic-eabi/lib/armv7e-m/fpu\libc_nano.a(lib_a-init.o)
 .debug_frame   0x00003450       0x44 c:/program files (x86)/atollic/truestudio for stm32 9.0.1/armtools/bin/../lib/gcc/arm-atollic-eabi/6.3.1/../../../../arm-atollic-eabi/lib/armv7e-m/fpu\libc_nano.a(lib_a-rand.o)
 .debug_frame   0x00003494       0x30 c:/program files (x86)/atollic/truestudio for stm32 9.0.1/armtools/bin/../lib/gcc/arm-atollic-eabi/6.3.1/../../../../arm-atollic-eabi/lib/armv7e-m/fpu\libc_nano.a(lib_a-malloc.o)
 .debug_frame   0x000034c4       0x2c c:/program files (x86)/atollic/truestudio for stm32 9.0.1/armtools/bin/../lib/gcc/arm-atollic-eabi/6.3.1/../../../../arm-atollic-eabi/lib/armv7e-m/fpu\libc_nano.a(lib_a-nano-mallocr.o)
 .debug_frame   0x000034f0       0x2c c:/program files (x86)/atollic/truestudio for stm32 9.0.1/armtools/bin/../lib/gcc/arm-atollic-eabi/6.3.1/../../../../arm-atollic-eabi/lib/armv7e-m/fpu\libc_nano.a(lib_a-sbrkr.o)
 .debug_frame   0x0000351c       0x30 c:/program files (x86)/atollic/truestudio for stm32 9.0.1/armtools/bin/../lib/gcc/arm-atollic-eabi/6.3.1/../../../../arm-atollic-eabi/lib/armv7e-m/fpu\libc_nano.a(lib_a-mlock.o)
 .debug_frame   0x0000354c       0x5c c:/program files (x86)/atollic/truestudio for stm32 9.0.1/armtools/bin/../lib/gcc/arm-atollic-eabi/6.3.1/../../../../arm-atollic-eabi/lib/armv7e-m/fpu\libc_nano.a(lib_a-reent.o)
 .debug_frame   0x000035a8       0x20 c:/program files (x86)/atollic/truestudio for stm32 9.0.1/armtools/bin/../lib/gcc/arm-atollic-eabi/6.3.1/../../../../arm-atollic-eabi/lib/armv7e-m/fpu\libnosys.a(sbrk.o)

.stabstr        0x00000000       0x3f
 .stabstr       0x00000000       0x3f c:/program files (x86)/atollic/truestudio for stm32 9.0.1/armtools/bin/../lib/gcc/arm-atollic-eabi/6.3.1/../../../../arm-atollic-eabi/lib/armv7e-m/fpu\libnosys.a(write.o)

Cross Reference Table

Symbol                                            File
ADC_AnalogWatchdogCmd                             Libraries\STM32F4xx_StdPeriph_Driver\src\stm32f4xx_adc.o
ADC_AnalogWatchdogSingleChannelConfig             Libraries\STM32F4xx_StdPeriph_Driver\src\stm32f4xx_adc.o
ADC_AnalogWatchdogThresholdsConfig                Libraries\STM32F4xx_StdPeriph_Driver\src\stm32f4xx_adc.o
ADC_AutoInjectedConvCmd                           Libraries\STM32F4xx_StdPeriph_Driver\src\stm32f4xx_adc.o
ADC_ClearFlag                                     Libraries\STM32F4xx_StdPeriph_Driver\src\stm32f4xx_adc.o
ADC_ClearITPendingBit                             Libraries\STM32F4xx_StdPeriph_Driver\src\stm32f4xx_adc.o
ADC_Cmd                                           Libraries\STM32F4xx_StdPeriph_Driver\src\stm32f4xx_adc.o
ADC_CommonInit                                    Libraries\STM32F4xx_StdPeriph_Driver\src\stm32f4xx_adc.o
ADC_CommonStructInit                              Libraries\STM32F4xx_StdPeriph_Driver\src\stm32f4xx_adc.o
ADC_ContinuousModeCmd                             Libraries\STM32F4xx_StdPeriph_Driver\src\stm32f4xx_adc.o
ADC_DMACmd                                        Libraries\STM32F4xx_StdPeriph_Driver\src\stm32f4xx_adc.o
ADC_DMARequestAfterLastTransferCmd                Libraries\STM32F4xx_StdPeriph_Driver\src\stm32f4xx_adc.o
ADC_DeInit                                        Libraries\STM32F4xx_StdPeriph_Driver\src\stm32f4xx_adc.o
ADC_DiscModeChannelCountConfig                    Libraries\STM32F4xx_StdPeriph_Driver\src\stm32f4xx_adc.o
ADC_DiscModeCmd                                   Libraries\STM32F4xx_StdPeriph_Driver\src\stm32f4xx_adc.o
ADC_EOCOnEachRegularChannelCmd                    Libraries\STM32F4xx_StdPeriph_Driver\src\stm32f4xx_adc.o
ADC_ExternalTrigInjectedConvConfig                Libraries\STM32F4xx_StdPeriph_Driver\src\stm32f4xx_adc.o
ADC_ExternalTrigInjectedConvEdgeConfig            Libraries\STM32F4xx_StdPeriph_Driver\src\stm32f4xx_adc.o
ADC_GetConversionValue                            Libraries\STM32F4xx_StdPeriph_Driver\src\stm32f4xx_adc.o
ADC_GetFlagStatus                                 Libraries\STM32F4xx_StdPeriph_Driver\src\stm32f4xx_adc.o
ADC_GetITStatus                                   Libraries\STM32F4xx_StdPeriph_Driver\src\stm32f4xx_adc.o
ADC_GetInjectedConversionValue                    Libraries\STM32F4xx_StdPeriph_Driver\src\stm32f4xx_adc.o
ADC_GetMultiModeConversionValue                   Libraries\STM32F4xx_StdPeriph_Driver\src\stm32f4xx_adc.o
ADC_GetSoftwareStartConvStatus                    Libraries\STM32F4xx_StdPeriph_Driver\src\stm32f4xx_adc.o
ADC_GetSoftwareStartInjectedConvCmdStatus         Libraries\STM32F4xx_StdPeriph_Driver\src\stm32f4xx_adc.o
ADC_IRQHandler                                    src\startup_stm32f40xx.o
ADC_ITConfig                                      Libraries\STM32F4xx_StdPeriph_Driver\src\stm32f4xx_adc.o
ADC_Init                                          Libraries\STM32F4xx_StdPeriph_Driver\src\stm32f4xx_adc.o
ADC_InjectedChannelConfig                         Libraries\STM32F4xx_StdPeriph_Driver\src\stm32f4xx_adc.o
ADC_InjectedDiscModeCmd                           Libraries\STM32F4xx_StdPeriph_Driver\src\stm32f4xx_adc.o
ADC_InjectedSequencerLengthConfig                 Libraries\STM32F4xx_StdPeriph_Driver\src\stm32f4xx_adc.o
ADC_MultiModeDMARequestAfterLastTransferCmd       Libraries\STM32F4xx_StdPeriph_Driver\src\stm32f4xx_adc.o
ADC_RegularChannelConfig                          Libraries\STM32F4xx_StdPeriph_Driver\src\stm32f4xx_adc.o
ADC_SetInjectedOffset                             Libraries\STM32F4xx_StdPeriph_Driver\src\stm32f4xx_adc.o
ADC_SoftwareStartConv                             Libraries\STM32F4xx_StdPeriph_Driver\src\stm32f4xx_adc.o
ADC_SoftwareStartInjectedConv                     Libraries\STM32F4xx_StdPeriph_Driver\src\stm32f4xx_adc.o
ADC_StructInit                                    Libraries\STM32F4xx_StdPeriph_Driver\src\stm32f4xx_adc.o
ADC_TempSensorVrefintCmd                          Libraries\STM32F4xx_StdPeriph_Driver\src\stm32f4xx_adc.o
ADC_VBATCmd                                       Libraries\STM32F4xx_StdPeriph_Driver\src\stm32f4xx_adc.o
AHBPrescTable                                     src\system_stm32f4xx.o
BusFault_Handler                                  other\stm32f4xx_it.o
CAN1_RX0_IRQHandler                               src\startup_stm32f40xx.o
CAN1_RX1_IRQHandler                               src\startup_stm32f40xx.o
CAN1_SCE_IRQHandler                               src\startup_stm32f40xx.o
CAN1_TX_IRQHandler                                src\startup_stm32f40xx.o
CAN2_RX0_IRQHandler                               src\startup_stm32f40xx.o
CAN2_RX1_IRQHandler                               src\startup_stm32f40xx.o
CAN2_SCE_IRQHandler                               src\startup_stm32f40xx.o
CAN2_TX_IRQHandler                                src\startup_stm32f40xx.o
CAN_CancelTransmit                                Libraries\STM32F4xx_StdPeriph_Driver\src\stm32f4xx_can.o
CAN_ClearFlag                                     Libraries\STM32F4xx_StdPeriph_Driver\src\stm32f4xx_can.o
CAN_ClearITPendingBit                             Libraries\STM32F4xx_StdPeriph_Driver\src\stm32f4xx_can.o
CAN_DBGFreeze                                     Libraries\STM32F4xx_StdPeriph_Driver\src\stm32f4xx_can.o
CAN_DeInit                                        Libraries\STM32F4xx_StdPeriph_Driver\src\stm32f4xx_can.o
CAN_FIFORelease                                   Libraries\STM32F4xx_StdPeriph_Driver\src\stm32f4xx_can.o
CAN_FilterInit                                    Libraries\STM32F4xx_StdPeriph_Driver\src\stm32f4xx_can.o
CAN_GetFlagStatus                                 Libraries\STM32F4xx_StdPeriph_Driver\src\stm32f4xx_can.o
CAN_GetITStatus                                   Libraries\STM32F4xx_StdPeriph_Driver\src\stm32f4xx_can.o
CAN_GetLSBTransmitErrorCounter                    Libraries\STM32F4xx_StdPeriph_Driver\src\stm32f4xx_can.o
CAN_GetLastErrorCode                              Libraries\STM32F4xx_StdPeriph_Driver\src\stm32f4xx_can.o
CAN_GetReceiveErrorCounter                        Libraries\STM32F4xx_StdPeriph_Driver\src\stm32f4xx_can.o
CAN_ITConfig                                      Libraries\STM32F4xx_StdPeriph_Driver\src\stm32f4xx_can.o
CAN_Init                                          Libraries\STM32F4xx_StdPeriph_Driver\src\stm32f4xx_can.o
CAN_MessagePending                                Libraries\STM32F4xx_StdPeriph_Driver\src\stm32f4xx_can.o
CAN_OperatingModeRequest                          Libraries\STM32F4xx_StdPeriph_Driver\src\stm32f4xx_can.o
CAN_Receive                                       Libraries\STM32F4xx_StdPeriph_Driver\src\stm32f4xx_can.o
CAN_SlaveStartBank                                Libraries\STM32F4xx_StdPeriph_Driver\src\stm32f4xx_can.o
CAN_Sleep                                         Libraries\STM32F4xx_StdPeriph_Driver\src\stm32f4xx_can.o
CAN_StructInit                                    Libraries\STM32F4xx_StdPeriph_Driver\src\stm32f4xx_can.o
CAN_TTComModeCmd                                  Libraries\STM32F4xx_StdPeriph_Driver\src\stm32f4xx_can.o
CAN_Transmit                                      Libraries\STM32F4xx_StdPeriph_Driver\src\stm32f4xx_can.o
CAN_TransmitStatus                                Libraries\STM32F4xx_StdPeriph_Driver\src\stm32f4xx_can.o
CAN_WakeUp                                        Libraries\STM32F4xx_StdPeriph_Driver\src\stm32f4xx_can.o
CRC_CalcBlockCRC                                  Libraries\STM32F4xx_StdPeriph_Driver\src\stm32f4xx_crc.o
CRC_CalcCRC                                       Libraries\STM32F4xx_StdPeriph_Driver\src\stm32f4xx_crc.o
CRC_GetCRC                                        Libraries\STM32F4xx_StdPeriph_Driver\src\stm32f4xx_crc.o
CRC_GetIDRegister                                 Libraries\STM32F4xx_StdPeriph_Driver\src\stm32f4xx_crc.o
CRC_ResetDR                                       Libraries\STM32F4xx_StdPeriph_Driver\src\stm32f4xx_crc.o
CRC_SetIDRegister                                 Libraries\STM32F4xx_StdPeriph_Driver\src\stm32f4xx_crc.o
CRYP_AES_CBC                                      Libraries\STM32F4xx_StdPeriph_Driver\src\stm32f4xx_cryp_aes.o
CRYP_AES_CCM                                      Libraries\STM32F4xx_StdPeriph_Driver\src\stm32f4xx_cryp_aes.o
CRYP_AES_CTR                                      Libraries\STM32F4xx_StdPeriph_Driver\src\stm32f4xx_cryp_aes.o
CRYP_AES_ECB                                      Libraries\STM32F4xx_StdPeriph_Driver\src\stm32f4xx_cryp_aes.o
CRYP_AES_GCM                                      Libraries\STM32F4xx_StdPeriph_Driver\src\stm32f4xx_cryp_aes.o
CRYP_Cmd                                          Libraries\STM32F4xx_StdPeriph_Driver\src\stm32f4xx_cryp.o
                                                  Libraries\STM32F4xx_StdPeriph_Driver\src\stm32f4xx_cryp_tdes.o
                                                  Libraries\STM32F4xx_StdPeriph_Driver\src\stm32f4xx_cryp_des.o
                                                  Libraries\STM32F4xx_StdPeriph_Driver\src\stm32f4xx_cryp_aes.o
CRYP_DES_CBC                                      Libraries\STM32F4xx_StdPeriph_Driver\src\stm32f4xx_cryp_des.o
CRYP_DES_ECB                                      Libraries\STM32F4xx_StdPeriph_Driver\src\stm32f4xx_cryp_des.o
CRYP_DMACmd                                       Libraries\STM32F4xx_StdPeriph_Driver\src\stm32f4xx_cryp.o
CRYP_DataIn                                       Libraries\STM32F4xx_StdPeriph_Driver\src\stm32f4xx_cryp.o
                                                  Libraries\STM32F4xx_StdPeriph_Driver\src\stm32f4xx_cryp_tdes.o
                                                  Libraries\STM32F4xx_StdPeriph_Driver\src\stm32f4xx_cryp_des.o
                                                  Libraries\STM32F4xx_StdPeriph_Driver\src\stm32f4xx_cryp_aes.o
CRYP_DataOut                                      Libraries\STM32F4xx_StdPeriph_Driver\src\stm32f4xx_cryp.o
                                                  Libraries\STM32F4xx_StdPeriph_Driver\src\stm32f4xx_cryp_tdes.o
                                                  Libraries\STM32F4xx_StdPeriph_Driver\src\stm32f4xx_cryp_des.o
                                                  Libraries\STM32F4xx_StdPeriph_Driver\src\stm32f4xx_cryp_aes.o
CRYP_DeInit                                       Libraries\STM32F4xx_StdPeriph_Driver\src\stm32f4xx_cryp.o
CRYP_FIFOFlush                                    Libraries\STM32F4xx_StdPeriph_Driver\src\stm32f4xx_cryp.o
                                                  Libraries\STM32F4xx_StdPeriph_Driver\src\stm32f4xx_cryp_tdes.o
                                                  Libraries\STM32F4xx_StdPeriph_Driver\src\stm32f4xx_cryp_des.o
                                                  Libraries\STM32F4xx_StdPeriph_Driver\src\stm32f4xx_cryp_aes.o
CRYP_GetCmdStatus                                 Libraries\STM32F4xx_StdPeriph_Driver\src\stm32f4xx_cryp.o
                                                  Libraries\STM32F4xx_StdPeriph_Driver\src\stm32f4xx_cryp_tdes.o
                                                  Libraries\STM32F4xx_StdPeriph_Driver\src\stm32f4xx_cryp_des.o
                                                  Libraries\STM32F4xx_StdPeriph_Driver\src\stm32f4xx_cryp_aes.o
CRYP_GetFlagStatus                                Libraries\STM32F4xx_StdPeriph_Driver\src\stm32f4xx_cryp.o
                                                  Libraries\STM32F4xx_StdPeriph_Driver\src\stm32f4xx_cryp_tdes.o
                                                  Libraries\STM32F4xx_StdPeriph_Driver\src\stm32f4xx_cryp_des.o
                                                  Libraries\STM32F4xx_StdPeriph_Driver\src\stm32f4xx_cryp_aes.o
CRYP_GetITStatus                                  Libraries\STM32F4xx_StdPeriph_Driver\src\stm32f4xx_cryp.o
CRYP_IRQHandler                                   src\startup_stm32f40xx.o
CRYP_ITConfig                                     Libraries\STM32F4xx_StdPeriph_Driver\src\stm32f4xx_cryp.o
CRYP_IVInit                                       Libraries\STM32F4xx_StdPeriph_Driver\src\stm32f4xx_cryp.o
                                                  Libraries\STM32F4xx_StdPeriph_Driver\src\stm32f4xx_cryp_tdes.o
                                                  Libraries\STM32F4xx_StdPeriph_Driver\src\stm32f4xx_cryp_des.o
                                                  Libraries\STM32F4xx_StdPeriph_Driver\src\stm32f4xx_cryp_aes.o
CRYP_IVStructInit                                 Libraries\STM32F4xx_StdPeriph_Driver\src\stm32f4xx_cryp.o
CRYP_Init                                         Libraries\STM32F4xx_StdPeriph_Driver\src\stm32f4xx_cryp.o
                                                  Libraries\STM32F4xx_StdPeriph_Driver\src\stm32f4xx_cryp_tdes.o
                                                  Libraries\STM32F4xx_StdPeriph_Driver\src\stm32f4xx_cryp_des.o
                                                  Libraries\STM32F4xx_StdPeriph_Driver\src\stm32f4xx_cryp_aes.o
CRYP_KeyInit                                      Libraries\STM32F4xx_StdPeriph_Driver\src\stm32f4xx_cryp.o
                                                  Libraries\STM32F4xx_StdPeriph_Driver\src\stm32f4xx_cryp_tdes.o
                                                  Libraries\STM32F4xx_StdPeriph_Driver\src\stm32f4xx_cryp_des.o
                                                  Libraries\STM32F4xx_StdPeriph_Driver\src\stm32f4xx_cryp_aes.o
CRYP_KeyStructInit                                Libraries\STM32F4xx_StdPeriph_Driver\src\stm32f4xx_cryp.o
                                                  Libraries\STM32F4xx_StdPeriph_Driver\src\stm32f4xx_cryp_tdes.o
                                                  Libraries\STM32F4xx_StdPeriph_Driver\src\stm32f4xx_cryp_des.o
                                                  Libraries\STM32F4xx_StdPeriph_Driver\src\stm32f4xx_cryp_aes.o
CRYP_PhaseConfig                                  Libraries\STM32F4xx_StdPeriph_Driver\src\stm32f4xx_cryp.o
                                                  Libraries\STM32F4xx_StdPeriph_Driver\src\stm32f4xx_cryp_aes.o
CRYP_RestoreContext                               Libraries\STM32F4xx_StdPeriph_Driver\src\stm32f4xx_cryp.o
CRYP_SaveContext                                  Libraries\STM32F4xx_StdPeriph_Driver\src\stm32f4xx_cryp.o
CRYP_StructInit                                   Libraries\STM32F4xx_StdPeriph_Driver\src\stm32f4xx_cryp.o
CRYP_TDES_CBC                                     Libraries\STM32F4xx_StdPeriph_Driver\src\stm32f4xx_cryp_tdes.o
CRYP_TDES_ECB                                     Libraries\STM32F4xx_StdPeriph_Driver\src\stm32f4xx_cryp_tdes.o
DAC_ClearFlag                                     Libraries\STM32F4xx_StdPeriph_Driver\src\stm32f4xx_dac.o
DAC_ClearITPendingBit                             Libraries\STM32F4xx_StdPeriph_Driver\src\stm32f4xx_dac.o
DAC_Cmd                                           Libraries\STM32F4xx_StdPeriph_Driver\src\stm32f4xx_dac.o
DAC_DMACmd                                        Libraries\STM32F4xx_StdPeriph_Driver\src\stm32f4xx_dac.o
DAC_DeInit                                        Libraries\STM32F4xx_StdPeriph_Driver\src\stm32f4xx_dac.o
DAC_DualSoftwareTriggerCmd                        Libraries\STM32F4xx_StdPeriph_Driver\src\stm32f4xx_dac.o
DAC_GetDataOutputValue                            Libraries\STM32F4xx_StdPeriph_Driver\src\stm32f4xx_dac.o
DAC_GetFlagStatus                                 Libraries\STM32F4xx_StdPeriph_Driver\src\stm32f4xx_dac.o
DAC_GetITStatus                                   Libraries\STM32F4xx_StdPeriph_Driver\src\stm32f4xx_dac.o
DAC_ITConfig                                      Libraries\STM32F4xx_StdPeriph_Driver\src\stm32f4xx_dac.o
DAC_Init                                          Libraries\STM32F4xx_StdPeriph_Driver\src\stm32f4xx_dac.o
DAC_SetChannel1Data                               Libraries\STM32F4xx_StdPeriph_Driver\src\stm32f4xx_dac.o
DAC_SetChannel2Data                               Libraries\STM32F4xx_StdPeriph_Driver\src\stm32f4xx_dac.o
DAC_SetDualChannelData                            Libraries\STM32F4xx_StdPeriph_Driver\src\stm32f4xx_dac.o
DAC_SoftwareTriggerCmd                            Libraries\STM32F4xx_StdPeriph_Driver\src\stm32f4xx_dac.o
DAC_StructInit                                    Libraries\STM32F4xx_StdPeriph_Driver\src\stm32f4xx_dac.o
DAC_WaveGenerationCmd                             Libraries\STM32F4xx_StdPeriph_Driver\src\stm32f4xx_dac.o
DBGMCU_APB1PeriphConfig                           Libraries\STM32F4xx_StdPeriph_Driver\src\stm32f4xx_dbgmcu.o
DBGMCU_APB2PeriphConfig                           Libraries\STM32F4xx_StdPeriph_Driver\src\stm32f4xx_dbgmcu.o
DBGMCU_Config                                     Libraries\STM32F4xx_StdPeriph_Driver\src\stm32f4xx_dbgmcu.o
DBGMCU_GetDEVID                                   Libraries\STM32F4xx_StdPeriph_Driver\src\stm32f4xx_dbgmcu.o
DBGMCU_GetREVID                                   Libraries\STM32F4xx_StdPeriph_Driver\src\stm32f4xx_dbgmcu.o
DCMI_CROPCmd                                      Libraries\STM32F4xx_StdPeriph_Driver\src\stm32f4xx_dcmi.o
DCMI_CROPConfig                                   Libraries\STM32F4xx_StdPeriph_Driver\src\stm32f4xx_dcmi.o
DCMI_CaptureCmd                                   Libraries\STM32F4xx_StdPeriph_Driver\src\stm32f4xx_dcmi.o
DCMI_ClearFlag                                    Libraries\STM32F4xx_StdPeriph_Driver\src\stm32f4xx_dcmi.o
DCMI_ClearITPendingBit                            Libraries\STM32F4xx_StdPeriph_Driver\src\stm32f4xx_dcmi.o
DCMI_Cmd                                          Libraries\STM32F4xx_StdPeriph_Driver\src\stm32f4xx_dcmi.o
DCMI_DeInit                                       Libraries\STM32F4xx_StdPeriph_Driver\src\stm32f4xx_dcmi.o
DCMI_GetFlagStatus                                Libraries\STM32F4xx_StdPeriph_Driver\src\stm32f4xx_dcmi.o
DCMI_GetITStatus                                  Libraries\STM32F4xx_StdPeriph_Driver\src\stm32f4xx_dcmi.o
DCMI_IRQHandler                                   src\startup_stm32f40xx.o
DCMI_ITConfig                                     Libraries\STM32F4xx_StdPeriph_Driver\src\stm32f4xx_dcmi.o
DCMI_Init                                         Libraries\STM32F4xx_StdPeriph_Driver\src\stm32f4xx_dcmi.o
DCMI_JPEGCmd                                      Libraries\STM32F4xx_StdPeriph_Driver\src\stm32f4xx_dcmi.o
DCMI_ReadData                                     Libraries\STM32F4xx_StdPeriph_Driver\src\stm32f4xx_dcmi.o
DCMI_SetEmbeddedSynchroCodes                      Libraries\STM32F4xx_StdPeriph_Driver\src\stm32f4xx_dcmi.o
DCMI_StructInit                                   Libraries\STM32F4xx_StdPeriph_Driver\src\stm32f4xx_dcmi.o
DMA1_Stream0_IRQHandler                           src\startup_stm32f40xx.o
DMA1_Stream1_IRQHandler                           src\startup_stm32f40xx.o
DMA1_Stream2_IRQHandler                           src\startup_stm32f40xx.o
DMA1_Stream3_IRQHandler                           src\startup_stm32f40xx.o
DMA1_Stream4_IRQHandler                           src\startup_stm32f40xx.o
DMA1_Stream5_IRQHandler                           src\startup_stm32f40xx.o
DMA1_Stream6_IRQHandler                           src\startup_stm32f40xx.o
DMA1_Stream7_IRQHandler                           src\startup_stm32f40xx.o
DMA2_Stream0_IRQHandler                           src\startup_stm32f40xx.o
DMA2_Stream1_IRQHandler                           src\startup_stm32f40xx.o
DMA2_Stream2_IRQHandler                           src\startup_stm32f40xx.o
DMA2_Stream3_IRQHandler                           src\startup_stm32f40xx.o
DMA2_Stream4_IRQHandler                           src\startup_stm32f40xx.o
DMA2_Stream5_IRQHandler                           src\startup_stm32f40xx.o
DMA2_Stream6_IRQHandler                           src\startup_stm32f40xx.o
DMA2_Stream7_IRQHandler                           src\startup_stm32f40xx.o
DMA_ClearFlag                                     Libraries\STM32F4xx_StdPeriph_Driver\src\stm32f4xx_dma.o
DMA_ClearITPendingBit                             Libraries\STM32F4xx_StdPeriph_Driver\src\stm32f4xx_dma.o
DMA_Cmd                                           Libraries\STM32F4xx_StdPeriph_Driver\src\stm32f4xx_dma.o
DMA_DeInit                                        Libraries\STM32F4xx_StdPeriph_Driver\src\stm32f4xx_dma.o
DMA_DoubleBufferModeCmd                           Libraries\STM32F4xx_StdPeriph_Driver\src\stm32f4xx_dma.o
DMA_DoubleBufferModeConfig                        Libraries\STM32F4xx_StdPeriph_Driver\src\stm32f4xx_dma.o
DMA_FlowControllerConfig                          Libraries\STM32F4xx_StdPeriph_Driver\src\stm32f4xx_dma.o
DMA_GetCmdStatus                                  Libraries\STM32F4xx_StdPeriph_Driver\src\stm32f4xx_dma.o
DMA_GetCurrDataCounter                            Libraries\STM32F4xx_StdPeriph_Driver\src\stm32f4xx_dma.o
DMA_GetCurrentMemoryTarget                        Libraries\STM32F4xx_StdPeriph_Driver\src\stm32f4xx_dma.o
DMA_GetFIFOStatus                                 Libraries\STM32F4xx_StdPeriph_Driver\src\stm32f4xx_dma.o
DMA_GetFlagStatus                                 Libraries\STM32F4xx_StdPeriph_Driver\src\stm32f4xx_dma.o
DMA_GetITStatus                                   Libraries\STM32F4xx_StdPeriph_Driver\src\stm32f4xx_dma.o
DMA_ITConfig                                      Libraries\STM32F4xx_StdPeriph_Driver\src\stm32f4xx_dma.o
DMA_Init                                          Libraries\STM32F4xx_StdPeriph_Driver\src\stm32f4xx_dma.o
DMA_MemoryTargetConfig                            Libraries\STM32F4xx_StdPeriph_Driver\src\stm32f4xx_dma.o
DMA_PeriphIncOffsetSizeConfig                     Libraries\STM32F4xx_StdPeriph_Driver\src\stm32f4xx_dma.o
DMA_SetCurrDataCounter                            Libraries\STM32F4xx_StdPeriph_Driver\src\stm32f4xx_dma.o
DMA_StructInit                                    Libraries\STM32F4xx_StdPeriph_Driver\src\stm32f4xx_dma.o
DebugMon_Handler                                  other\stm32f4xx_it.o
Default_Handler                                   src\startup_stm32f40xx.o
DutyCycle                                         other\stm32f4xx_it.o
ETH_IRQHandler                                    src\startup_stm32f40xx.o
ETH_WKUP_IRQHandler                               src\startup_stm32f40xx.o
EXTI0_IRQHandler                                  src\startup_stm32f40xx.o
EXTI15_10_IRQHandler                              src\startup_stm32f40xx.o
EXTI1_IRQHandler                                  other\stm32f4xx_it.o
EXTI2_IRQHandler                                  src\startup_stm32f40xx.o
EXTI3_IRQHandler                                  src\startup_stm32f40xx.o
EXTI4_IRQHandler                                  src\startup_stm32f40xx.o
EXTI9_5_IRQHandler                                other\interrupt\interrupt.o
EXTI_ClearFlag                                    Libraries\STM32F4xx_StdPeriph_Driver\src\stm32f4xx_exti.o
EXTI_ClearITPendingBit                            Libraries\STM32F4xx_StdPeriph_Driver\src\stm32f4xx_exti.o
                                                  other\stm32f4xx_it.o
                                                  other\interrupt\interrupt.o
EXTI_DeInit                                       Libraries\STM32F4xx_StdPeriph_Driver\src\stm32f4xx_exti.o
EXTI_GenerateSWInterrupt                          Libraries\STM32F4xx_StdPeriph_Driver\src\stm32f4xx_exti.o
EXTI_GetFlagStatus                                Libraries\STM32F4xx_StdPeriph_Driver\src\stm32f4xx_exti.o
EXTI_GetITStatus                                  Libraries\STM32F4xx_StdPeriph_Driver\src\stm32f4xx_exti.o
                                                  other\interrupt\interrupt.o
EXTI_Init                                         Libraries\STM32F4xx_StdPeriph_Driver\src\stm32f4xx_exti.o
                                                  other\interrupt\interrupt.o
EXTI_StructInit                                   Libraries\STM32F4xx_StdPeriph_Driver\src\stm32f4xx_exti.o
FLASH_ClearFlag                                   Libraries\STM32F4xx_StdPeriph_Driver\src\stm32f4xx_flash.o
FLASH_DataCacheCmd                                Libraries\STM32F4xx_StdPeriph_Driver\src\stm32f4xx_flash.o
FLASH_DataCacheReset                              Libraries\STM32F4xx_StdPeriph_Driver\src\stm32f4xx_flash.o
FLASH_EraseAllSectors                             Libraries\STM32F4xx_StdPeriph_Driver\src\stm32f4xx_flash.o
FLASH_EraseSector                                 Libraries\STM32F4xx_StdPeriph_Driver\src\stm32f4xx_flash.o
FLASH_GetFlagStatus                               Libraries\STM32F4xx_StdPeriph_Driver\src\stm32f4xx_flash.o
FLASH_GetStatus                                   Libraries\STM32F4xx_StdPeriph_Driver\src\stm32f4xx_flash.o
FLASH_IRQHandler                                  src\startup_stm32f40xx.o
FLASH_ITConfig                                    Libraries\STM32F4xx_StdPeriph_Driver\src\stm32f4xx_flash.o
FLASH_InstructionCacheCmd                         Libraries\STM32F4xx_StdPeriph_Driver\src\stm32f4xx_flash.o
FLASH_InstructionCacheReset                       Libraries\STM32F4xx_StdPeriph_Driver\src\stm32f4xx_flash.o
FLASH_Lock                                        Libraries\STM32F4xx_StdPeriph_Driver\src\stm32f4xx_flash.o
FLASH_OB_BORConfig                                Libraries\STM32F4xx_StdPeriph_Driver\src\stm32f4xx_flash.o
FLASH_OB_GetBOR                                   Libraries\STM32F4xx_StdPeriph_Driver\src\stm32f4xx_flash.o
FLASH_OB_GetRDP                                   Libraries\STM32F4xx_StdPeriph_Driver\src\stm32f4xx_flash.o
FLASH_OB_GetUser                                  Libraries\STM32F4xx_StdPeriph_Driver\src\stm32f4xx_flash.o
FLASH_OB_GetWRP                                   Libraries\STM32F4xx_StdPeriph_Driver\src\stm32f4xx_flash.o
FLASH_OB_GetWRP1                                  Libraries\STM32F4xx_StdPeriph_Driver\src\stm32f4xx_flash.o
FLASH_OB_Launch                                   Libraries\STM32F4xx_StdPeriph_Driver\src\stm32f4xx_flash.o
FLASH_OB_Lock                                     Libraries\STM32F4xx_StdPeriph_Driver\src\stm32f4xx_flash.o
FLASH_OB_RDPConfig                                Libraries\STM32F4xx_StdPeriph_Driver\src\stm32f4xx_flash.o
FLASH_OB_Unlock                                   Libraries\STM32F4xx_StdPeriph_Driver\src\stm32f4xx_flash.o
FLASH_OB_UserConfig                               Libraries\STM32F4xx_StdPeriph_Driver\src\stm32f4xx_flash.o
FLASH_OB_WRP1Config                               Libraries\STM32F4xx_StdPeriph_Driver\src\stm32f4xx_flash.o
FLASH_OB_WRPConfig                                Libraries\STM32F4xx_StdPeriph_Driver\src\stm32f4xx_flash.o
FLASH_PrefetchBufferCmd                           Libraries\STM32F4xx_StdPeriph_Driver\src\stm32f4xx_flash.o
FLASH_ProgramByte                                 Libraries\STM32F4xx_StdPeriph_Driver\src\stm32f4xx_flash.o
FLASH_ProgramDoubleWord                           Libraries\STM32F4xx_StdPeriph_Driver\src\stm32f4xx_flash.o
FLASH_ProgramHalfWord                             Libraries\STM32F4xx_StdPeriph_Driver\src\stm32f4xx_flash.o
FLASH_ProgramWord                                 Libraries\STM32F4xx_StdPeriph_Driver\src\stm32f4xx_flash.o
FLASH_SetLatency                                  Libraries\STM32F4xx_StdPeriph_Driver\src\stm32f4xx_flash.o
FLASH_Unlock                                      Libraries\STM32F4xx_StdPeriph_Driver\src\stm32f4xx_flash.o
FLASH_WaitForLastOperation                        Libraries\STM32F4xx_StdPeriph_Driver\src\stm32f4xx_flash.o
FPU_IRQHandler                                    src\startup_stm32f40xx.o
FSMC_ClearFlag                                    Libraries\STM32F4xx_StdPeriph_Driver\src\stm32f4xx_fsmc.o
FSMC_ClearITPendingBit                            Libraries\STM32F4xx_StdPeriph_Driver\src\stm32f4xx_fsmc.o
FSMC_GetECC                                       Libraries\STM32F4xx_StdPeriph_Driver\src\stm32f4xx_fsmc.o
FSMC_GetFlagStatus                                Libraries\STM32F4xx_StdPeriph_Driver\src\stm32f4xx_fsmc.o
FSMC_GetITStatus                                  Libraries\STM32F4xx_StdPeriph_Driver\src\stm32f4xx_fsmc.o
FSMC_IRQHandler                                   src\startup_stm32f40xx.o
FSMC_ITConfig                                     Libraries\STM32F4xx_StdPeriph_Driver\src\stm32f4xx_fsmc.o
FSMC_NANDCmd                                      Libraries\STM32F4xx_StdPeriph_Driver\src\stm32f4xx_fsmc.o
FSMC_NANDDeInit                                   Libraries\STM32F4xx_StdPeriph_Driver\src\stm32f4xx_fsmc.o
FSMC_NANDECCCmd                                   Libraries\STM32F4xx_StdPeriph_Driver\src\stm32f4xx_fsmc.o
FSMC_NANDInit                                     Libraries\STM32F4xx_StdPeriph_Driver\src\stm32f4xx_fsmc.o
FSMC_NANDStructInit                               Libraries\STM32F4xx_StdPeriph_Driver\src\stm32f4xx_fsmc.o
FSMC_NORSRAMCmd                                   Libraries\STM32F4xx_StdPeriph_Driver\src\stm32f4xx_fsmc.o
FSMC_NORSRAMDeInit                                Libraries\STM32F4xx_StdPeriph_Driver\src\stm32f4xx_fsmc.o
FSMC_NORSRAMInit                                  Libraries\STM32F4xx_StdPeriph_Driver\src\stm32f4xx_fsmc.o
FSMC_NORSRAMStructInit                            Libraries\STM32F4xx_StdPeriph_Driver\src\stm32f4xx_fsmc.o
FSMC_PCCARDCmd                                    Libraries\STM32F4xx_StdPeriph_Driver\src\stm32f4xx_fsmc.o
FSMC_PCCARDDeInit                                 Libraries\STM32F4xx_StdPeriph_Driver\src\stm32f4xx_fsmc.o
FSMC_PCCARDInit                                   Libraries\STM32F4xx_StdPeriph_Driver\src\stm32f4xx_fsmc.o
FSMC_PCCARDStructInit                             Libraries\STM32F4xx_StdPeriph_Driver\src\stm32f4xx_fsmc.o
Frequency                                         other\stm32f4xx_it.o
GPIO_DeInit                                       Libraries\STM32F4xx_StdPeriph_Driver\src\stm32f4xx_gpio.o
GPIO_Init                                         Libraries\STM32F4xx_StdPeriph_Driver\src\stm32f4xx_gpio.o