nrf24_rework.c:30:9:nrf24_read	32	static
nrf24_rework.c:50:9:nrf24_write	32	static
nrf24_rework.c:69:9:nrf24_read_reg	24	static
nrf24_rework.c:82:9:nrf24_read_regs	24	static
nrf24_rework.c:93:6:nrf24_write_reg	16	static
nrf24_rework.c:104:9:nrf24_write_regs	24	static
nrf24_rework.c:115:9:nrf24_reuse_tx_lastpayload	16	static
nrf24_rework.c:138:9:nrf24_write_ackpayload	24	static
nrf24_rework.c:150:9:nrf24_SetChannel	16	static
nrf24_rework.c:161:9:nrf24_FlushRx	8	static
nrf24_rework.c:171:9:nrf24_FlushTx	8	static
nrf24_rework.c:181:9:nrf24_Read_RxPayload	16	static
nrf24_rework.c:193:9:nrf24_Write_TxPayload	16	static
nrf24_rework.c:205:6:nrf24_SetOutputPower	24	static
nrf24_rework.c:218:9:nrf24_GetOutputPower	16	static
nrf24_rework.c:230:6:nrf24_SetDataRate	24	static
nrf24_rework.c:263:9:nrf24_getDataRate	16	static
nrf24_rework.c:284:6:nrf24_SetCRCLen	24	static
nrf24_rework.c:305:9:nrf24_getCRCLen	16	static
nrf24_rework.c:322:6:nrf24_SetDynLen	24	static
nrf24_rework.c:343:9:nrf24_getDynLen	16	static
nrf24_rework.c:355:6:nrf24_DynPayload_OnOff	24	static
nrf24_rework.c:374:6:nrf24_AckPayload_OnOff	24	static
nrf24_rework.c:398:6:nrf24_AutoRetrasmission_Setup	24	static
nrf24_rework.c:412:9:nrf24_TestCarrier	8	static
nrf24_rework.c:422:6:nrf24_setAutoAck	24	static
nrf24_rework.c:441:6:nrf24_SendAckPayload	16	static
nrf24_rework.c:456:6:nrf24_Set_PRX_Mode	16	static
nrf24_rework.c:485:6:nrf24_Set_PTX_Mode	8	static
nrf24_rework.c:498:6:nrf24_RxPipe_Setup	24	static
nrf24_rework.c:541:9:nrf24_Recv	24	static
nrf24_rework.c:577:8:nrf24_Send	32	static
nrf24_rework.c:643:9:nrf24_ReadState	8	static
nrf24_rework.c:653:6:nrf24_ResetStateFlags	16	static
nrf24_rework.c:663:6:nrf24_init	16	static
