nrf24.c:33:9:nrf24_read	32	static
nrf24.c:53:9:nrf24_write	32	static
nrf24.c:72:9:nrf24_read_reg	24	static
nrf24.c:85:9:nrf24_read_regs	24	static
nrf24.c:96:6:nrf24_write_reg	16	static
nrf24.c:107:9:nrf24_write_regs	24	static
nrf24.c:118:9:nrf24_reuse_tx_lastpayload	16	static
nrf24.c:141:9:nrf24_write_ackpayload	24	static
nrf24.c:153:9:nrf24_SetChannel	16	static
nrf24.c:164:9:nrf24_FlushRx	8	static
nrf24.c:174:9:nrf24_FlushTx	8	static
nrf24.c:184:9:nrf24_Read_RxPayload	16	static
nrf24.c:196:9:nrf24_Write_TxPayload	16	static
nrf24.c:208:6:nrf24_SetOutputPower	24	static
nrf24.c:221:9:nrf24_GetOutputPower	16	static
nrf24.c:233:6:nrf24_SetDataRate	24	static
nrf24.c:266:9:nrf24_getDataRate	16	static
nrf24.c:287:6:nrf24_SetCRCLen	24	static
nrf24.c:308:9:nrf24_getCRCLen	16	static
nrf24.c:325:6:nrf24_SetDynLen	24	static
nrf24.c:346:9:nrf24_getDynLen	16	static
nrf24.c:358:6:nrf24_DynPayload_OnOff	24	static
nrf24.c:377:6:nrf24_AckPayload_OnOff	24	static
nrf24.c:401:6:nrf24_AutoRetrasmission_Setup	24	static
nrf24.c:415:9:nrf24_TestCarrier	8	static
nrf24.c:425:6:nrf24_setAutoAck	24	static
nrf24.c:444:6:nrf24_SendAckPayload	16	static
nrf24.c:459:6:nrf24_Set_PRX_Mode	16	static
nrf24.c:488:6:nrf24_Set_PTX_Mode	8	static
nrf24.c:501:6:nrf24_RxPipe_Setup	24	static
nrf24.c:544:9:nrf24_Recv	24	static
nrf24.c:580:8:nrf24_Send	32	static
nrf24.c:646:9:nrf24_ReadState	8	static
nrf24.c:656:6:nrf24_ResetStateFlags	16	static
nrf24.c:666:6:nrf24_init	16	static
