hal_nrf_l01.c:35:6:hal_nrf_set_irq_mode	16	static
hal_nrf_l01.c:47:9:hal_nrf_get_clear_irq_flags	8	static
hal_nrf_l01.c:52:6:hal_nrf_clear_irq_flag	16	static
hal_nrf_l01.c:57:6:hal_nrf_get_irq_mode	16	static
hal_nrf_l01.c:65:9:hal_nrf_get_irq_flags	8	static
hal_nrf_l01.c:70:6:hal_nrf_set_crc_mode	16	static
hal_nrf_l01.c:75:6:hal_nrf_open_pipe	16	static
hal_nrf_l01.c:107:6:hal_nrf_close_pipe	16	static
hal_nrf_l01.c:131:6:hal_nrf_set_address	16	static
hal_nrf_l01.c:153:6:hal_nrf_set_auto_retr	16	static
hal_nrf_l01.c:158:6:hal_nrf_set_address_width	16	static
hal_nrf_l01.c:163:6:hal_nrf_set_rx_pload_width	16	static
hal_nrf_l01.c:168:9:hal_nrf_get_crc_mode	8	static
hal_nrf_l01.c:173:9:hal_nrf_get_pipe_status	24	static
hal_nrf_l01.c:186:9:hal_nrf_get_address	16	static
hal_nrf_l01.c:201:9:hal_nrf_get_auto_retr_status	8	static
hal_nrf_l01.c:206:9:hal_nrf_get_packet_lost_ctr	8	static
hal_nrf_l01.c:211:9:hal_nrf_get_address_width	8	static
hal_nrf_l01.c:216:9:hal_nrf_get_rx_pload_width	16	static
hal_nrf_l01.c:221:6:hal_nrf_set_operation_mode	16	static
hal_nrf_l01.c:233:6:hal_nrf_set_power_mode	16	static
hal_nrf_l01.c:245:6:hal_nrf_set_rf_channel	16	static
hal_nrf_l01.c:250:6:hal_nrf_set_output_power	16	static
hal_nrf_l01.c:255:6:hal_nrf_set_datarate	24	static
hal_nrf_l01.c:275:9:hal_nrf_get_operation_mode	8	static
hal_nrf_l01.c:280:9:hal_nrf_get_power_mode	8	static
hal_nrf_l01.c:285:9:hal_nrf_get_rf_channel	8	static
hal_nrf_l01.c:290:9:hal_nrf_get_output_power	8	static
hal_nrf_l01.c:295:9:hal_nrf_get_datarate	8	static
hal_nrf_l01.c:300:6:hal_nrf_rx_fifo_empty	8	static
hal_nrf_l01.c:312:6:hal_nrf_rx_fifo_full	8	static
hal_nrf_l01.c:317:6:hal_nrf_tx_fifo_empty	8	static
hal_nrf_l01.c:322:6:hal_nrf_tx_fifo_full	8	static
hal_nrf_l01.c:327:9:hal_nrf_get_tx_fifo_status	8	static
hal_nrf_l01.c:332:9:hal_nrf_get_rx_fifo_status	8	static
hal_nrf_l01.c:337:9:hal_nrf_get_fifo_status	8	static
hal_nrf_l01.c:342:9:hal_nrf_get_transmit_attempts	8	static
hal_nrf_l01.c:347:6:hal_nrf_get_carrier_detect	8	static
hal_nrf_l01.c:352:6:hal_nrf_write_tx_pload	16	static
hal_nrf_l01.c:357:6:hal_nrf_setup_dyn_pl	16	static
hal_nrf_l01.c:362:6:hal_nrf_enable_dynamic_pl	8	static
hal_nrf_l01.c:367:6:hal_nrf_disable_dynamic_pl	8	static
hal_nrf_l01.c:372:6:hal_nrf_enable_ack_pl	8	static
hal_nrf_l01.c:377:6:hal_nrf_disable_ack_pl	8	static
hal_nrf_l01.c:382:6:hal_nrf_enable_dynamic_ack	8	static
hal_nrf_l01.c:387:6:hal_nrf_disable_dynamic_ack	8	static
hal_nrf_l01.c:392:6:hal_nrf_write_ack_pload	16	static
hal_nrf_l01.c:403:9:hal_nrf_read_rx_pl_w	16	static
hal_nrf_l01.c:413:6:hal_nrf_lock_unlock	8	static
hal_nrf_l01.c:430:9:hal_nrf_get_rx_data_source	8	static
hal_nrf_l01.c:437:10:hal_nrf_read_rx_pload	16	static
hal_nrf_l01.c:442:6:hal_nrf_reuse_tx	8	static
hal_nrf_l01.c:447:6:hal_nrf_get_reuse_tx_status	8	static
hal_nrf_l01.c:452:6:hal_nrf_flush_rx	8	static
hal_nrf_l01.c:457:6:hal_nrf_flush_tx	8	static
hal_nrf_l01.c:462:9:hal_nrf_nop	8	static
hal_nrf_l01.c:467:6:hal_nrf_set_pll_mode	16	static
hal_nrf_l01.c:479:20:hal_nrf_get_pll_mode	8	static
hal_nrf_l01.c:484:6:hal_nrf_set_lna_gain	16	static
hal_nrf_l01.c:496:20:hal_nrf_get_lna_gain	8	static
hal_nrf_l01.c:501:9:hal_nrf_read_reg	24	static
hal_nrf_l01.c:511:9:hal_nrf_write_reg	24	static
hal_nrf_l01.c:537:10:hal_nrf_read_multibyte_reg	32	static
hal_nrf_l01.c:578:6:hal_nrf_write_multibyte_reg	16	static
